<html>
<body>
<pre>
<h1>µVision Build Log</h1>
<h2>Tool Versions:</h2>
IDE-Version: µVision V5.14.0.0
Copyright (C) 2015 ARM Ltd and ARM Germany GmbH. All rights reserved.
License Information: Nick Star, Nickstar, LIC=9N0WF-6BZMI-JME98-3M9Z6-N10VL-C0PC4
 
Tool Versions:
Toolchain:       MDK-ARM Professional  Version: 5.14.0.0
Toolchain Path:  C:\Keil_v5\ARM\ARMCC\Bin
C Compiler:      Armcc.exe V5.05 update 1 (build 106)
Assembler:       Armasm.exe V5.05 update 1 (build 106)
Linker/Locator:  ArmLink.exe V5.05 update 1 (build 106)
Library Manager: ArmAr.exe V5.05 update 1 (build 106)
Hex Converter:   FromElf.exe V5.05 update 1 (build 106)
CPU DLL:         SARMCM3.DLL V5.14.0.0
Dialog DLL:      DCM.DLL V1.13.1.0
Target DLL:      STLink\ST-LINKIII-KEIL_SWO.dll V2.0.14.0_KEIL
Dialog DLL:      TCM.DLL V1.14.4.0
 
<h2>Project:</h2>
D:\MPP-dev\USG-Cube\MDK-ARM\USG-Cube.uvprojx
Project File Date:  09/23/2015

<h2>Output:</h2>
Rebuild target 'USG-Cube Configuration'
assembling startup_stm32f030x6.s...
compiling stm32f0xx_hal_flash_ex.c...
compiling stm32f0xx_hal_tim_ex.c...
compiling stm32f0xx_hal_flash.c...
compiling stm32f0xx_hal_gpio.c...
compiling stm32f0xx_hal_pwr.c...
compiling stm32f0xx_hal.c...
compiling stm32f0xx_hal_uart.c...
compiling stm32f0xx_hal_cortex.c...
compiling stm32f0xx_hal_uart_ex.c...
compiling stm32f0xx_hal_pwr_ex.c...
compiling stm32f0xx_hal_adc_ex.c...
compiling stm32f0xx_hal_adc.c...
compiling stm32f0xx_hal_dma.c...
compiling stm32f0xx_hal_rcc_ex.c...
compiling stm32f0xx_hal_rcc.c...
compiling stm32f0xx_hal_tim.c...
compiling system_stm32f0xx.c...
compiling stm32f0xx_hal_msp.c...
compiling main.c...
compiling stm32f0xx_it.c...
linking...
Program Size: Code=7748 RO-data=224 RW-data=24 ZI-data=1416  
"USG-Cube Configuration\USG-Cube Configuration.axf" - 0 Error(s), 0 Warning(s).

<h2>Collection of Component include folders:</h2>
  D:\MPP-dev\USG-Cube\MDK-ARM\RTE
  C:\Keil_v5\ARM\PACK\Keil\STM32F0xx_DFP\1.4.0\Device\Include

<h2>Collection of Component Files used:</h2>
</pre>
</body>
</html>
