<html>
<body>
<pre>
<h1>µVision Build Log</h1>
<h2>Tool Versions:</h2>
IDE-Version: µVision V5.18.0.0
Copyright (C) 2016 ARM Ltd and ARM Germany GmbH. All rights reserved.
License Information: Nikolaj Starinskij, ns, LIC=----
 
Tool Versions:
Toolchain:       MDK-Lite  Version: 5.18
Toolchain Path:  C:\Keil_v5\ARM\ARMCC\Bin
C Compiler:      Armcc.exe V5.06 update 1 (build 61)
Assembler:       Armasm.exe V5.06 update 1 (build 61)
Linker/Locator:  ArmLink.exe V5.06 update 1 (build 61)
Library Manager: ArmAr.exe V5.06 update 1 (build 61)
Hex Converter:   FromElf.exe V5.06 update 1 (build 61)
CPU DLL:         SARMCM3.DLL V5.18
Dialog DLL:      DARMCM1.DLL V1.12.0.0
Target DLL:      STLink\ST-LINKIII-KEIL_SWO.dll V2.0.18.0
Dialog DLL:      TARMCM1.DLL V1.9.0.0
 
<h2>Project:</h2>
C:\work\MPP-DEV\USG-Cube\USG-mini_control\MDK-ARM\USG-mini_control.uvprojx
Project File Date:  06/29/2016

<h2>Output:</h2>
*** Using Compiler 'V5.06 update 1 (build 61)', folder: 'C:\Keil_v5\ARM\ARMCC\Bin'
Rebuild target 'USG-mini_control'
compiling stm32f0xx_hal_uart_ex.c...
compiling stm32f0xx_hal_i2c_ex.c...
compiling stm32f0xx_hal_gpio.c...
compiling stm32f0xx_hal_flash_ex.c...
compiling stm32f0xx_hal_tim_ex.c...
compiling stm32f0xx_hal_i2c.c...
compiling stm32f0xx_hal_rcc.c...
compiling stm32f0xx_hal_dma.c...
compiling stm32f0xx_hal_rcc_ex.c...
compiling stm32f0xx_hal_cortex.c...
compiling stm32f0xx_hal_pwr_ex.c...
compiling stm32f0xx_hal.c...
compiling stm32f0xx_hal_flash.c...
compiling stm32f0xx_hal_uart.c...
compiling stm32f0xx_hal_tim.c...
compiling stm32f0xx_hal_pwr.c...
compiling stm32f0xx_hal_msp.c...
compiling stm32f0xx_it.c...
compiling main.c...
assembling startup_stm32f030x6.s...
compiling onewire.c...
..\Src\onewire.c(39): warning:  #550-D: variable "uart_busy" was set but never used
  static uint8_t uart_busy;
..\Src\onewire.c: 1 warning, 0 errors
compiling control.c...
..\Src\control.c(11): warning:  #177-D: variable "BlinkPattern" was declared but never referenced
  	const uint16_t BlinkPattern = 0xff00; // 1 sec pattern
..\Src\control.c: 1 warning, 0 errors
compiling system_stm32f0xx.c...
linking...
Program Size: Code=12176 RO-data=360 RW-data=96 ZI-data=1392  
FromELF: creating hex file...
"USG-mini_control\USG-mini_control.axf" - 0 Error(s), 2 Warning(s).

<h2>Software Packages used:</h2>

Package Vendor: ARM
                http://www.keil.com/pack/ARM.CMSIS.5.0.0-Beta4.pack
                ARM::CMSIS:CORE:5.0.0
                CMSIS (Cortex Microcontroller Software Interface Standard)
   * Component: CORE Version: 5.0.0

<h2>Collection of Component include folders:</h2>
  C:\work\MPP-DEV\USG-Cube\USG-mini_control\MDK-ARM\RTE
  C:\Keil_v5\ARM\PACK\ARM\CMSIS\5.0.0-Beta4\CMSIS\Include
  C:\Keil_v5\ARM\PACK\Keil\STM32F0xx_DFP\1.5.0\Device\Include

<h2>Collection of Component Files used:</h2>

   * Component: ARM::CMSIS:CORE:5.0.0
Build Time Elapsed:  00:00:06
</pre>
</body>
</html>
