<!doctype html public "-//w3c//dtd html 4.0 transitional//en">
<html><head>
<title>Static Call Graph - [.\Objects\MPP_Logic.axf]</title></head>
<body><HR>
<H1>Static Call Graph for image .\Objects\MPP_Logic.axf</H1><HR>
<BR><P>#&#060CALLGRAPH&#062# ARM Linker, 5050106: Last Updated: Mon Sep 21 20:26:23 2015
<BR><P>
<H3>Maximum Stack Usage =        224 bytes + Unknown(Functions without stacksize, Cycles, Untraceable Function Pointers)</H3><H3>
Call chain for Maximum Stack Depth:</H3>
__rt_entry_main &rArr; main &rArr; eMBInit &rArr; eMBRTUInit &rArr; xMBPortSerialInit &rArr; USART_Init &rArr; RCC_GetClocksFreq
<P>
<H3>
Functions with no stack information
</H3><UL>
 <LI><a href="#[38]">__user_initial_stackheap</a>
</UL>
</UL>
<P>
<H3>
Mutually Recursive functions
</H3> <LI><a href="#[6]">NMI_Handler</a>&nbsp;&nbsp;&nbsp;&rArr;&nbsp;&nbsp;&nbsp;<a href="#[6]">NMI_Handler</a><BR>
 <LI><a href="#[7]">HardFault_Handler</a>&nbsp;&nbsp;&nbsp;&rArr;&nbsp;&nbsp;&nbsp;<a href="#[7]">HardFault_Handler</a><BR>
 <LI><a href="#[8]">SVC_Handler</a>&nbsp;&nbsp;&nbsp;&rArr;&nbsp;&nbsp;&nbsp;<a href="#[8]">SVC_Handler</a><BR>
 <LI><a href="#[9]">PendSV_Handler</a>&nbsp;&nbsp;&nbsp;&rArr;&nbsp;&nbsp;&nbsp;<a href="#[9]">PendSV_Handler</a><BR>
 <LI><a href="#[a]">SysTick_Handler</a>&nbsp;&nbsp;&nbsp;&rArr;&nbsp;&nbsp;&nbsp;<a href="#[a]">SysTick_Handler</a><BR>
 <LI><a href="#[15]">ADC1_IRQHandler</a>&nbsp;&nbsp;&nbsp;&rArr;&nbsp;&nbsp;&nbsp;<a href="#[15]">ADC1_IRQHandler</a><BR>
</UL>
<P>
<H3>
Function Pointers
</H3><UL>
 <LI><a href="#[15]">ADC1_IRQHandler</a> from startup_stm32f030.o(.text) referenced from startup_stm32f030.o(RESET)
 <LI><a href="#[12]">DMA1_Channel1_IRQHandler</a> from startup_stm32f030.o(.text) referenced from startup_stm32f030.o(RESET)
 <LI><a href="#[13]">DMA1_Channel2_3_IRQHandler</a> from startup_stm32f030.o(.text) referenced from startup_stm32f030.o(RESET)
 <LI><a href="#[14]">DMA1_Channel4_5_IRQHandler</a> from startup_stm32f030.o(.text) referenced from startup_stm32f030.o(RESET)
 <LI><a href="#[f]">EXTI0_1_IRQHandler</a> from startup_stm32f030.o(.text) referenced from startup_stm32f030.o(RESET)
 <LI><a href="#[10]">EXTI2_3_IRQHandler</a> from startup_stm32f030.o(.text) referenced from startup_stm32f030.o(RESET)
 <LI><a href="#[11]">EXTI4_15_IRQHandler</a> from startup_stm32f030.o(.text) referenced from startup_stm32f030.o(RESET)
 <LI><a href="#[d]">FLASH_IRQHandler</a> from startup_stm32f030.o(.text) referenced from startup_stm32f030.o(RESET)
 <LI><a href="#[7]">HardFault_Handler</a> from startup_stm32f030.o(.text) referenced from startup_stm32f030.o(RESET)
 <LI><a href="#[1d]">I2C1_IRQHandler</a> from startup_stm32f030.o(.text) referenced from startup_stm32f030.o(RESET)
 <LI><a href="#[1e]">I2C2_IRQHandler</a> from startup_stm32f030.o(.text) referenced from startup_stm32f030.o(RESET)
 <LI><a href="#[6]">NMI_Handler</a> from startup_stm32f030.o(.text) referenced from startup_stm32f030.o(RESET)
 <LI><a href="#[9]">PendSV_Handler</a> from startup_stm32f030.o(.text) referenced from startup_stm32f030.o(RESET)
 <LI><a href="#[e]">RCC_IRQHandler</a> from startup_stm32f030.o(.text) referenced from startup_stm32f030.o(RESET)
 <LI><a href="#[c]">RTC_IRQHandler</a> from startup_stm32f030.o(.text) referenced from startup_stm32f030.o(RESET)
 <LI><a href="#[36]">Reset_Handler</a> from startup_stm32f030.o(.text) referenced from startup_stm32f030.o(RESET)
 <LI><a href="#[1f]">SPI1_IRQHandler</a> from startup_stm32f030.o(.text) referenced from startup_stm32f030.o(RESET)
 <LI><a href="#[20]">SPI2_IRQHandler</a> from startup_stm32f030.o(.text) referenced from startup_stm32f030.o(RESET)
 <LI><a href="#[8]">SVC_Handler</a> from startup_stm32f030.o(.text) referenced from startup_stm32f030.o(RESET)
 <LI><a href="#[a]">SysTick_Handler</a> from startup_stm32f030.o(.text) referenced from startup_stm32f030.o(RESET)
 <LI><a href="#[23]">SystemInit</a> from system_stm32f0xx_1.o(i.SystemInit) referenced from startup_stm32f030.o(.text)
 <LI><a href="#[19]">TIM14_IRQHandler</a> from startup_stm32f030.o(.text) referenced from startup_stm32f030.o(RESET)
 <LI><a href="#[1a]">TIM15_IRQHandler</a> from startup_stm32f030.o(.text) referenced from startup_stm32f030.o(RESET)
 <LI><a href="#[1b]">TIM16_IRQHandler</a> from startup_stm32f030.o(.text) referenced from startup_stm32f030.o(RESET)
 <LI><a href="#[1c]">TIM17_IRQHandler</a> from startup_stm32f030.o(.text) referenced from startup_stm32f030.o(RESET)
 <LI><a href="#[16]">TIM1_BRK_UP_TRG_COM_IRQHandler</a> from startup_stm32f030.o(.text) referenced from startup_stm32f030.o(RESET)
 <LI><a href="#[17]">TIM1_CC_IRQHandler</a> from startup_stm32f030.o(.text) referenced from startup_stm32f030.o(RESET)
 <LI><a href="#[18]">TIM3_IRQHandler</a> from porttimer.o(i.TIM3_IRQHandler) referenced from startup_stm32f030.o(RESET)
 <LI><a href="#[21]">USART1_IRQHandler</a> from portserial.o(i.USART1_IRQHandler) referenced from startup_stm32f030.o(RESET)
 <LI><a href="#[22]">USART2_IRQHandler</a> from startup_stm32f030.o(.text) referenced from startup_stm32f030.o(RESET)
 <LI><a href="#[b]">WWDG_IRQHandler</a> from startup_stm32f030.o(.text) referenced from startup_stm32f030.o(RESET)
 <LI><a href="#[37]">__main</a> from __main.o(!!!main) referenced from startup_stm32f030.o(.text)
 <LI><a href="#[32]">eMBFuncReadCoils</a> from mbfunccoils.o(i.eMBFuncReadCoils) referenced from mb.o(.data)
 <LI><a href="#[35]">eMBFuncReadDiscreteInputs</a> from mbfuncdisc.o(i.eMBFuncReadDiscreteInputs) referenced from mb.o(.data)
 <LI><a href="#[2e]">eMBFuncReadHoldingRegister</a> from mbfuncholding.o(i.eMBFuncReadHoldingRegister) referenced from mb.o(.data)
 <LI><a href="#[2d]">eMBFuncReadInputRegister</a> from mbfuncinput.o(i.eMBFuncReadInputRegister) referenced from mb.o(.data)
 <LI><a href="#[31]">eMBFuncReadWriteMultipleHoldingRegister</a> from mbfuncholding.o(i.eMBFuncReadWriteMultipleHoldingRegister) referenced from mb.o(.data)
 <LI><a href="#[2c]">eMBFuncReportSlaveID</a> from mbfuncother.o(i.eMBFuncReportSlaveID) referenced from mb.o(.data)
 <LI><a href="#[33]">eMBFuncWriteCoil</a> from mbfunccoils.o(i.eMBFuncWriteCoil) referenced from mb.o(.data)
 <LI><a href="#[30]">eMBFuncWriteHoldingRegister</a> from mbfuncholding.o(i.eMBFuncWriteHoldingRegister) referenced from mb.o(.data)
 <LI><a href="#[34]">eMBFuncWriteMultipleCoils</a> from mbfunccoils.o(i.eMBFuncWriteMultipleCoils) referenced from mb.o(.data)
 <LI><a href="#[2f]">eMBFuncWriteMultipleHoldingRegister</a> from mbfuncholding.o(i.eMBFuncWriteMultipleHoldingRegister) referenced from mb.o(.data)
 <LI><a href="#[28]">eMBRTUReceive</a> from mbrtu.o(i.eMBRTUReceive) referenced from mb.o(i.eMBInit)
 <LI><a href="#[27]">eMBRTUSend</a> from mbrtu.o(i.eMBRTUSend) referenced from mb.o(i.eMBInit)
 <LI><a href="#[25]">eMBRTUStart</a> from mbrtu.o(i.eMBRTUStart) referenced from mb.o(i.eMBInit)
 <LI><a href="#[26]">eMBRTUStop</a> from mbrtu.o(i.eMBRTUStop) referenced from mb.o(i.eMBInit)
 <LI><a href="#[29]">xMBRTUReceiveFSM</a> from mbrtu.o(i.xMBRTUReceiveFSM) referenced from mb.o(i.eMBInit)
 <LI><a href="#[2b]">xMBRTUTimerT35Expired</a> from mbrtu.o(i.xMBRTUTimerT35Expired) referenced from mb.o(i.eMBInit)
 <LI><a href="#[2a]">xMBRTUTransmitFSM</a> from mbrtu.o(i.xMBRTUTransmitFSM) referenced from mb.o(i.eMBInit)
</UL>
<P>
<H3>
Global Symbols
</H3>
<P><STRONG><a name="[37]"></a>__main</STRONG> (Thumb, 8 bytes, Stack size 0 bytes, __main.o(!!!main))
<BR><BR>[Calls]<UL><LI><a href="#[39]">&gt;&gt;</a>&nbsp;&nbsp;&nbsp;__scatterload
<LI><a href="#[3a]">&gt;&gt;</a>&nbsp;&nbsp;&nbsp;__rt_entry
</UL>

<P><STRONG><a name="[39]"></a>__scatterload</STRONG> (Thumb, 0 bytes, Stack size unknown bytes, __scatter.o(!!!scatter))
<BR><BR>[Called By]<UL><LI><a href="#[37]">&gt;&gt;</a>&nbsp;&nbsp;&nbsp;__main
</UL>

<P><STRONG><a name="[3b]"></a>__scatterload_rt2</STRONG> (Thumb, 52 bytes, Stack size unknown bytes, __scatter.o(!!!scatter), UNUSED)
<BR><BR>[Calls]<UL><LI><a href="#[3a]">&gt;&gt;</a>&nbsp;&nbsp;&nbsp;__rt_entry
</UL>

<P><STRONG><a name="[9f]"></a>__scatterload_rt2_thumb_only</STRONG> (Thumb, 0 bytes, Stack size unknown bytes, __scatter.o(!!!scatter), UNUSED)

<P><STRONG><a name="[a0]"></a>__scatterload_null</STRONG> (Thumb, 0 bytes, Stack size unknown bytes, __scatter.o(!!!scatter), UNUSED)

<P><STRONG><a name="[3c]"></a>__scatterload_copy</STRONG> (Thumb, 26 bytes, Stack size unknown bytes, __scatter_copy.o(!!handler_copy), UNUSED)
<BR><BR>[Calls]<UL><LI><a href="#[3c]">&gt;&gt;</a>&nbsp;&nbsp;&nbsp;__scatterload_copy
</UL>
<BR>[Called By]<UL><LI><a href="#[3c]">&gt;&gt;</a>&nbsp;&nbsp;&nbsp;__scatterload_copy
</UL>

<P><STRONG><a name="[a1]"></a>__scatterload_zeroinit</STRONG> (Thumb, 28 bytes, Stack size unknown bytes, __scatter_zi.o(!!handler_zi), UNUSED)

<P><STRONG><a name="[40]"></a>__rt_lib_init</STRONG> (Thumb, 0 bytes, Stack size unknown bytes, libinit.o(.ARM.Collect$$libinit$$00000000))
<BR><BR>[Called By]<UL><LI><a href="#[3f]">&gt;&gt;</a>&nbsp;&nbsp;&nbsp;__rt_entry_li
</UL>

<P><STRONG><a name="[a2]"></a>__rt_lib_init_alloca_1</STRONG> (Thumb, 0 bytes, Stack size unknown bytes, libinit2.o(.ARM.Collect$$libinit$$0000002E))

<P><STRONG><a name="[a3]"></a>__rt_lib_init_argv_1</STRONG> (Thumb, 0 bytes, Stack size unknown bytes, libinit2.o(.ARM.Collect$$libinit$$0000002C))

<P><STRONG><a name="[a4]"></a>__rt_lib_init_atexit_1</STRONG> (Thumb, 0 bytes, Stack size unknown bytes, libinit2.o(.ARM.Collect$$libinit$$0000001B))

<P><STRONG><a name="[a5]"></a>__rt_lib_init_clock_1</STRONG> (Thumb, 0 bytes, Stack size unknown bytes, libinit2.o(.ARM.Collect$$libinit$$00000021))

<P><STRONG><a name="[a6]"></a>__rt_lib_init_cpp_1</STRONG> (Thumb, 0 bytes, Stack size unknown bytes, libinit2.o(.ARM.Collect$$libinit$$00000032))

<P><STRONG><a name="[a7]"></a>__rt_lib_init_exceptions_1</STRONG> (Thumb, 0 bytes, Stack size unknown bytes, libinit2.o(.ARM.Collect$$libinit$$00000030))

<P><STRONG><a name="[a8]"></a>__rt_lib_init_fp_1</STRONG> (Thumb, 0 bytes, Stack size unknown bytes, libinit2.o(.ARM.Collect$$libinit$$00000002))

<P><STRONG><a name="[a9]"></a>__rt_lib_init_fp_trap_1</STRONG> (Thumb, 0 bytes, Stack size unknown bytes, libinit2.o(.ARM.Collect$$libinit$$0000001F))

<P><STRONG><a name="[aa]"></a>__rt_lib_init_getenv_1</STRONG> (Thumb, 0 bytes, Stack size unknown bytes, libinit2.o(.ARM.Collect$$libinit$$00000023))

<P><STRONG><a name="[ab]"></a>__rt_lib_init_heap_1</STRONG> (Thumb, 0 bytes, Stack size unknown bytes, libinit2.o(.ARM.Collect$$libinit$$0000000A))

<P><STRONG><a name="[ac]"></a>__rt_lib_init_lc_collate_1</STRONG> (Thumb, 0 bytes, Stack size unknown bytes, libinit2.o(.ARM.Collect$$libinit$$00000011))

<P><STRONG><a name="[ad]"></a>__rt_lib_init_lc_ctype_1</STRONG> (Thumb, 0 bytes, Stack size unknown bytes, libinit2.o(.ARM.Collect$$libinit$$00000013))

<P><STRONG><a name="[ae]"></a>__rt_lib_init_lc_monetary_1</STRONG> (Thumb, 0 bytes, Stack size unknown bytes, libinit2.o(.ARM.Collect$$libinit$$00000015))

<P><STRONG><a name="[af]"></a>__rt_lib_init_lc_numeric_1</STRONG> (Thumb, 0 bytes, Stack size unknown bytes, libinit2.o(.ARM.Collect$$libinit$$00000017))

<P><STRONG><a name="[b0]"></a>__rt_lib_init_lc_time_1</STRONG> (Thumb, 0 bytes, Stack size unknown bytes, libinit2.o(.ARM.Collect$$libinit$$00000019))

<P><STRONG><a name="[b1]"></a>__rt_lib_init_preinit_1</STRONG> (Thumb, 0 bytes, Stack size unknown bytes, libinit2.o(.ARM.Collect$$libinit$$00000004))

<P><STRONG><a name="[b2]"></a>__rt_lib_init_rand_1</STRONG> (Thumb, 0 bytes, Stack size unknown bytes, libinit2.o(.ARM.Collect$$libinit$$0000000E))

<P><STRONG><a name="[b3]"></a>__rt_lib_init_return</STRONG> (Thumb, 0 bytes, Stack size unknown bytes, libinit2.o(.ARM.Collect$$libinit$$00000033))

<P><STRONG><a name="[b4]"></a>__rt_lib_init_signal_1</STRONG> (Thumb, 0 bytes, Stack size unknown bytes, libinit2.o(.ARM.Collect$$libinit$$0000001D))

<P><STRONG><a name="[b5]"></a>__rt_lib_init_stdio_1</STRONG> (Thumb, 0 bytes, Stack size unknown bytes, libinit2.o(.ARM.Collect$$libinit$$00000025))

<P><STRONG><a name="[b6]"></a>__rt_lib_init_user_alloc_1</STRONG> (Thumb, 0 bytes, Stack size unknown bytes, libinit2.o(.ARM.Collect$$libinit$$0000000C))

<P><STRONG><a name="[45]"></a>__rt_lib_shutdown</STRONG> (Thumb, 0 bytes, Stack size unknown bytes, libshutdown.o(.ARM.Collect$$libshutdown$$00000000))
<BR><BR>[Called By]<UL><LI><a href="#[44]">&gt;&gt;</a>&nbsp;&nbsp;&nbsp;__rt_exit_ls
<LI><a href="#[48]">&gt;&gt;</a>&nbsp;&nbsp;&nbsp;abort
</UL>

<P><STRONG><a name="[b7]"></a>__rt_lib_shutdown_fp_trap_1</STRONG> (Thumb, 0 bytes, Stack size unknown bytes, libshutdown2.o(.ARM.Collect$$libshutdown$$00000006))

<P><STRONG><a name="[b8]"></a>__rt_lib_shutdown_heap_1</STRONG> (Thumb, 0 bytes, Stack size unknown bytes, libshutdown2.o(.ARM.Collect$$libshutdown$$0000000E))

<P><STRONG><a name="[b9]"></a>__rt_lib_shutdown_return</STRONG> (Thumb, 0 bytes, Stack size unknown bytes, libshutdown2.o(.ARM.Collect$$libshutdown$$0000000F))

<P><STRONG><a name="[ba]"></a>__rt_lib_shutdown_signal_1</STRONG> (Thumb, 0 bytes, Stack size unknown bytes, libshutdown2.o(.ARM.Collect$$libshutdown$$00000009))

<P><STRONG><a name="[bb]"></a>__rt_lib_shutdown_stdio_1</STRONG> (Thumb, 0 bytes, Stack size unknown bytes, libshutdown2.o(.ARM.Collect$$libshutdown$$00000003))

<P><STRONG><a name="[bc]"></a>__rt_lib_shutdown_user_alloc_1</STRONG> (Thumb, 0 bytes, Stack size unknown bytes, libshutdown2.o(.ARM.Collect$$libshutdown$$0000000B))

<P><STRONG><a name="[3a]"></a>__rt_entry</STRONG> (Thumb, 0 bytes, Stack size unknown bytes, __rtentry.o(.ARM.Collect$$rtentry$$00000000))
<BR><BR>[Called By]<UL><LI><a href="#[3b]">&gt;&gt;</a>&nbsp;&nbsp;&nbsp;__scatterload_rt2
<LI><a href="#[37]">&gt;&gt;</a>&nbsp;&nbsp;&nbsp;__main
</UL>

<P><STRONG><a name="[bd]"></a>__rt_entry_presh_1</STRONG> (Thumb, 0 bytes, Stack size unknown bytes, __rtentry2.o(.ARM.Collect$$rtentry$$00000002))

<P><STRONG><a name="[3d]"></a>__rt_entry_sh</STRONG> (Thumb, 0 bytes, Stack size unknown bytes, __rtentry4.o(.ARM.Collect$$rtentry$$00000004))
<BR><BR>[Stack]<UL><LI>Max Depth = 8 + Unknown Stack Size
<LI>Call Chain = __rt_entry_sh &rArr; __user_setup_stackheap
</UL>
<BR>[Calls]<UL><LI><a href="#[3e]">&gt;&gt;</a>&nbsp;&nbsp;&nbsp;__user_setup_stackheap
</UL>

<P><STRONG><a name="[3f]"></a>__rt_entry_li</STRONG> (Thumb, 0 bytes, Stack size unknown bytes, __rtentry2.o(.ARM.Collect$$rtentry$$0000000A))
<BR><BR>[Calls]<UL><LI><a href="#[40]">&gt;&gt;</a>&nbsp;&nbsp;&nbsp;__rt_lib_init
</UL>

<P><STRONG><a name="[be]"></a>__rt_entry_postsh_1</STRONG> (Thumb, 0 bytes, Stack size unknown bytes, __rtentry2.o(.ARM.Collect$$rtentry$$00000009))

<P><STRONG><a name="[41]"></a>__rt_entry_main</STRONG> (Thumb, 0 bytes, Stack size unknown bytes, __rtentry2.o(.ARM.Collect$$rtentry$$0000000D))
<BR><BR>[Stack]<UL><LI>Max Depth = 224 + Unknown Stack Size
<LI>Call Chain = __rt_entry_main &rArr; main &rArr; eMBInit &rArr; eMBRTUInit &rArr; xMBPortSerialInit &rArr; USART_Init &rArr; RCC_GetClocksFreq
</UL>
<BR>[Calls]<UL><LI><a href="#[42]">&gt;&gt;</a>&nbsp;&nbsp;&nbsp;main
<LI><a href="#[43]">&gt;&gt;</a>&nbsp;&nbsp;&nbsp;exit
</UL>

<P><STRONG><a name="[bf]"></a>__rt_entry_postli_1</STRONG> (Thumb, 0 bytes, Stack size unknown bytes, __rtentry2.o(.ARM.Collect$$rtentry$$0000000C))

<P><STRONG><a name="[59]"></a>__rt_exit</STRONG> (Thumb, 0 bytes, Stack size unknown bytes, rtexit.o(.ARM.Collect$$rtexit$$00000000))
<BR><BR>[Called By]<UL><LI><a href="#[43]">&gt;&gt;</a>&nbsp;&nbsp;&nbsp;exit
</UL>

<P><STRONG><a name="[44]"></a>__rt_exit_ls</STRONG> (Thumb, 0 bytes, Stack size unknown bytes, rtexit2.o(.ARM.Collect$$rtexit$$00000003))
<BR><BR>[Calls]<UL><LI><a href="#[45]">&gt;&gt;</a>&nbsp;&nbsp;&nbsp;__rt_lib_shutdown
</UL>

<P><STRONG><a name="[c0]"></a>__rt_exit_prels_1</STRONG> (Thumb, 0 bytes, Stack size unknown bytes, rtexit2.o(.ARM.Collect$$rtexit$$00000002))

<P><STRONG><a name="[46]"></a>__rt_exit_exit</STRONG> (Thumb, 0 bytes, Stack size unknown bytes, rtexit2.o(.ARM.Collect$$rtexit$$00000004))
<BR><BR>[Calls]<UL><LI><a href="#[47]">&gt;&gt;</a>&nbsp;&nbsp;&nbsp;_sys_exit
</UL>

<P><STRONG><a name="[4b]"></a>__aeabi_memcpy4</STRONG> (Thumb, 56 bytes, Stack size 0 bytes, rt_memcpy.o(.emb_text))
<BR><BR>[Called By]<UL><LI><a href="#[4a]">&gt;&gt;</a>&nbsp;&nbsp;&nbsp;__aeabi_memcpy
</UL>

<P><STRONG><a name="[c1]"></a>__aeabi_memcpy8</STRONG> (Thumb, 0 bytes, Stack size 0 bytes, rt_memcpy.o(.emb_text), UNUSED)

<P><STRONG><a name="[36]"></a>Reset_Handler</STRONG> (Thumb, 38 bytes, Stack size 0 bytes, startup_stm32f030.o(.text))

<P><STRONG><a name="[6]"></a>NMI_Handler</STRONG> (Thumb, 2 bytes, Stack size 0 bytes, startup_stm32f030.o(.text))
<BR><BR>[Calls]<UL><LI><a href="#[6]">&gt;&gt;</a>&nbsp;&nbsp;&nbsp;NMI_Handler
</UL>
<BR>[Called By]<UL><LI><a href="#[6]">&gt;&gt;</a>&nbsp;&nbsp;&nbsp;NMI_Handler
</UL>
<BR>[Address Reference Count : 1]<UL><LI> startup_stm32f030.o(RESET)
</UL>
<P><STRONG><a name="[7]"></a>HardFault_Handler</STRONG> (Thumb, 2 bytes, Stack size 0 bytes, startup_stm32f030.o(.text))
<BR><BR>[Calls]<UL><LI><a href="#[7]">&gt;&gt;</a>&nbsp;&nbsp;&nbsp;HardFault_Handler
</UL>
<BR>[Called By]<UL><LI><a href="#[7]">&gt;&gt;</a>&nbsp;&nbsp;&nbsp;HardFault_Handler
</UL>
<BR>[Address Reference Count : 1]<UL><LI> startup_stm32f030.o(RESET)
</UL>
<P><STRONG><a name="[8]"></a>SVC_Handler</STRONG> (Thumb, 2 bytes, Stack size 0 bytes, startup_stm32f030.o(.text))
<BR><BR>[Calls]<UL><LI><a href="#[8]">&gt;&gt;</a>&nbsp;&nbsp;&nbsp;SVC_Handler
</UL>
<BR>[Called By]<UL><LI><a href="#[8]">&gt;&gt;</a>&nbsp;&nbsp;&nbsp;SVC_Handler
</UL>
<BR>[Address Reference Count : 1]<UL><LI> startup_stm32f030.o(RESET)
</UL>
<P><STRONG><a name="[9]"></a>PendSV_Handler</STRONG> (Thumb, 2 bytes, Stack size 0 bytes, startup_stm32f030.o(.text))
<BR><BR>[Calls]<UL><LI><a href="#[9]">&gt;&gt;</a>&nbsp;&nbsp;&nbsp;PendSV_Handler
</UL>
<BR>[Called By]<UL><LI><a href="#[9]">&gt;&gt;</a>&nbsp;&nbsp;&nbsp;PendSV_Handler
</UL>
<BR>[Address Reference Count : 1]<UL><LI> startup_stm32f030.o(RESET)
</UL>
<P><STRONG><a name="[a]"></a>SysTick_Handler</STRONG> (Thumb, 2 bytes, Stack size 0 bytes, startup_stm32f030.o(.text))
<BR><BR>[Calls]<UL><LI><a href="#[a]">&gt;&gt;</a>&nbsp;&nbsp;&nbsp;SysTick_Handler
</UL>
<BR>[Called By]<UL><LI><a href="#[a]">&gt;&gt;</a>&nbsp;&nbsp;&nbsp;SysTick_Handler
</UL>
<BR>[Address Reference Count : 1]<UL><LI> startup_stm32f030.o(RESET)
</UL>
<P><STRONG><a name="[15]"></a>ADC1_IRQHandler</STRONG> (Thumb, 0 bytes, Stack size 0 bytes, startup_stm32f030.o(.text))
<BR><BR>[Calls]<UL><LI><a href="#[15]">&gt;&gt;</a>&nbsp;&nbsp;&nbsp;ADC1_IRQHandler
</UL>
<BR>[Called By]<UL><LI><a href="#[15]">&gt;&gt;</a>&nbsp;&nbsp;&nbsp;ADC1_IRQHandler
</UL>
<BR>[Address Reference Count : 1]<UL><LI> startup_stm32f030.o(RESET)
</UL>
<P><STRONG><a name="[12]"></a>DMA1_Channel1_IRQHandler</STRONG> (Thumb, 0 bytes, Stack size 0 bytes, startup_stm32f030.o(.text))
<BR>[Address Reference Count : 1]<UL><LI> startup_stm32f030.o(RESET)
</UL>
<P><STRONG><a name="[13]"></a>DMA1_Channel2_3_IRQHandler</STRONG> (Thumb, 0 bytes, Stack size 0 bytes, startup_stm32f030.o(.text))
<BR>[Address Reference Count : 1]<UL><LI> startup_stm32f030.o(RESET)
</UL>
<P><STRONG><a name="[14]"></a>DMA1_Channel4_5_IRQHandler</STRONG> (Thumb, 0 bytes, Stack size 0 bytes, startup_stm32f030.o(.text))
<BR>[Address Reference Count : 1]<UL><LI> startup_stm32f030.o(RESET)
</UL>
<P><STRONG><a name="[f]"></a>EXTI0_1_IRQHandler</STRONG> (Thumb, 0 bytes, Stack size 0 bytes, startup_stm32f030.o(.text))
<BR>[Address Reference Count : 1]<UL><LI> startup_stm32f030.o(RESET)
</UL>
<P><STRONG><a name="[10]"></a>EXTI2_3_IRQHandler</STRONG> (Thumb, 0 bytes, Stack size 0 bytes, startup_stm32f030.o(.text))
<BR>[Address Reference Count : 1]<UL><LI> startup_stm32f030.o(RESET)
</UL>
<P><STRONG><a name="[11]"></a>EXTI4_15_IRQHandler</STRONG> (Thumb, 0 bytes, Stack size 0 bytes, startup_stm32f030.o(.text))
<BR>[Address Reference Count : 1]<UL><LI> startup_stm32f030.o(RESET)
</UL>
<P><STRONG><a name="[d]"></a>FLASH_IRQHandler</STRONG> (Thumb, 0 bytes, Stack size 0 bytes, startup_stm32f030.o(.text))
<BR>[Address Reference Count : 1]<UL><LI> startup_stm32f030.o(RESET)
</UL>
<P><STRONG><a name="[1d]"></a>I2C1_IRQHandler</STRONG> (Thumb, 0 bytes, Stack size 0 bytes, startup_stm32f030.o(.text))
<BR>[Address Reference Count : 1]<UL><LI> startup_stm32f030.o(RESET)
</UL>
<P><STRONG><a name="[1e]"></a>I2C2_IRQHandler</STRONG> (Thumb, 0 bytes, Stack size 0 bytes, startup_stm32f030.o(.text))
<BR>[Address Reference Count : 1]<UL><LI> startup_stm32f030.o(RESET)
</UL>
<P><STRONG><a name="[e]"></a>RCC_IRQHandler</STRONG> (Thumb, 0 bytes, Stack size 0 bytes, startup_stm32f030.o(.text))
<BR>[Address Reference Count : 1]<UL><LI> startup_stm32f030.o(RESET)
</UL>
<P><STRONG><a name="[c]"></a>RTC_IRQHandler</STRONG> (Thumb, 0 bytes, Stack size 0 bytes, startup_stm32f030.o(.text))
<BR>[Address Reference Count : 1]<UL><LI> startup_stm32f030.o(RESET)
</UL>
<P><STRONG><a name="[1f]"></a>SPI1_IRQHandler</STRONG> (Thumb, 0 bytes, Stack size 0 bytes, startup_stm32f030.o(.text))
<BR>[Address Reference Count : 1]<UL><LI> startup_stm32f030.o(RESET)
</UL>
<P><STRONG><a name="[20]"></a>SPI2_IRQHandler</STRONG> (Thumb, 0 bytes, Stack size 0 bytes, startup_stm32f030.o(.text))
<BR>[Address Reference Count : 1]<UL><LI> startup_stm32f030.o(RESET)
</UL>
<P><STRONG><a name="[19]"></a>TIM14_IRQHandler</STRONG> (Thumb, 0 bytes, Stack size 0 bytes, startup_stm32f030.o(.text))
<BR>[Address Reference Count : 1]<UL><LI> startup_stm32f030.o(RESET)
</UL>
<P><STRONG><a name="[1a]"></a>TIM15_IRQHandler</STRONG> (Thumb, 0 bytes, Stack size 0 bytes, startup_stm32f030.o(.text))
<BR>[Address Reference Count : 1]<UL><LI> startup_stm32f030.o(RESET)
</UL>
<P><STRONG><a name="[1b]"></a>TIM16_IRQHandler</STRONG> (Thumb, 0 bytes, Stack size 0 bytes, startup_stm32f030.o(.text))
<BR>[Address Reference Count : 1]<UL><LI> startup_stm32f030.o(RESET)
</UL>
<P><STRONG><a name="[1c]"></a>TIM17_IRQHandler</STRONG> (Thumb, 0 bytes, Stack size 0 bytes, startup_stm32f030.o(.text))
<BR>[Address Reference Count : 1]<UL><LI> startup_stm32f030.o(RESET)
</UL>
<P><STRONG><a name="[16]"></a>TIM1_BRK_UP_TRG_COM_IRQHandler</STRONG> (Thumb, 0 bytes, Stack size 0 bytes, startup_stm32f030.o(.text))
<BR>[Address Reference Count : 1]<UL><LI> startup_stm32f030.o(RESET)
</UL>
<P><STRONG><a name="[17]"></a>TIM1_CC_IRQHandler</STRONG> (Thumb, 0 bytes, Stack size 0 bytes, startup_stm32f030.o(.text))
<BR>[Address Reference Count : 1]<UL><LI> startup_stm32f030.o(RESET)
</UL>
<P><STRONG><a name="[22]"></a>USART2_IRQHandler</STRONG> (Thumb, 0 bytes, Stack size 0 bytes, startup_stm32f030.o(.text))
<BR>[Address Reference Count : 1]<UL><LI> startup_stm32f030.o(RESET)
</UL>
<P><STRONG><a name="[b]"></a>WWDG_IRQHandler</STRONG> (Thumb, 0 bytes, Stack size 0 bytes, startup_stm32f030.o(.text))
<BR>[Address Reference Count : 1]<UL><LI> startup_stm32f030.o(RESET)
</UL>
<P><STRONG><a name="[38]"></a>__user_initial_stackheap</STRONG> (Thumb, 0 bytes, Stack size unknown bytes, startup_stm32f030.o(.text))
<BR><BR>[Called By]<UL><LI><a href="#[3e]">&gt;&gt;</a>&nbsp;&nbsp;&nbsp;__user_setup_stackheap
</UL>

<P><STRONG><a name="[48]"></a>abort</STRONG> (Thumb, 16 bytes, Stack size 0 bytes, abort.o(.text))
<BR><BR>[Stack]<UL><LI>Max Depth = 40 + Unknown Stack Size
<LI>Call Chain = abort &rArr; __rt_SIGABRT &rArr; __rt_SIGABRT_inner &rArr; __default_signal_display &rArr; _ttywrch
</UL>
<BR>[Calls]<UL><LI><a href="#[45]">&gt;&gt;</a>&nbsp;&nbsp;&nbsp;__rt_lib_shutdown
<LI><a href="#[49]">&gt;&gt;</a>&nbsp;&nbsp;&nbsp;__rt_SIGABRT
<LI><a href="#[47]">&gt;&gt;</a>&nbsp;&nbsp;&nbsp;_sys_exit
</UL>
<BR>[Called By]<UL><LI><a href="#[2a]">&gt;&gt;</a>&nbsp;&nbsp;&nbsp;xMBRTUTransmitFSM
<LI><a href="#[2b]">&gt;&gt;</a>&nbsp;&nbsp;&nbsp;xMBRTUTimerT35Expired
<LI><a href="#[29]">&gt;&gt;</a>&nbsp;&nbsp;&nbsp;xMBRTUReceiveFSM
<LI><a href="#[28]">&gt;&gt;</a>&nbsp;&nbsp;&nbsp;eMBRTUReceive
</UL>

<P><STRONG><a name="[4a]"></a>__aeabi_memcpy</STRONG> (Thumb, 130 bytes, Stack size 24 bytes, rt_memcpy.o(.text))
<BR><BR>[Stack]<UL><LI>Max Depth = 24<LI>Call Chain = __aeabi_memcpy
</UL>
<BR>[Calls]<UL><LI><a href="#[4b]">&gt;&gt;</a>&nbsp;&nbsp;&nbsp;__aeabi_memcpy4
</UL>
<BR>[Called By]<UL><LI><a href="#[2c]">&gt;&gt;</a>&nbsp;&nbsp;&nbsp;eMBFuncReportSlaveID
<LI><a href="#[90]">&gt;&gt;</a>&nbsp;&nbsp;&nbsp;eMBSetSlaveID
</UL>

<P><STRONG><a name="[c2]"></a>__rt_memcpy</STRONG> (Thumb, 0 bytes, Stack size 24 bytes, rt_memcpy.o(.text), UNUSED)

<P><STRONG><a name="[c3]"></a>__aeabi_uidiv</STRONG> (Thumb, 0 bytes, Stack size 0 bytes, aeabi_sdivfast.o(.text), UNUSED)

<P><STRONG><a name="[6d]"></a>__aeabi_uidivmod</STRONG> (Thumb, 28 bytes, Stack size 0 bytes, aeabi_sdivfast.o(.text))
<BR><BR>[Called By]<UL><LI><a href="#[84]">&gt;&gt;</a>&nbsp;&nbsp;&nbsp;xMBPortTimersInit
<LI><a href="#[7e]">&gt;&gt;</a>&nbsp;&nbsp;&nbsp;eMBRTUInit
<LI><a href="#[6c]">&gt;&gt;</a>&nbsp;&nbsp;&nbsp;RCC_GetClocksFreq
<LI><a href="#[77]">&gt;&gt;</a>&nbsp;&nbsp;&nbsp;USART_Init
</UL>

<P><STRONG><a name="[c4]"></a>__aeabi_idiv</STRONG> (Thumb, 0 bytes, Stack size 8 bytes, aeabi_sdivfast.o(.text), UNUSED)

<P><STRONG><a name="[c5]"></a>__aeabi_idivmod</STRONG> (Thumb, 460 bytes, Stack size 8 bytes, aeabi_sdivfast.o(.text), UNUSED)

<P><STRONG><a name="[c6]"></a>__use_two_region_memory</STRONG> (Thumb, 2 bytes, Stack size 0 bytes, heapauxi.o(.text), UNUSED)

<P><STRONG><a name="[c7]"></a>__rt_heap_escrow$2region</STRONG> (Thumb, 2 bytes, Stack size 0 bytes, heapauxi.o(.text), UNUSED)

<P><STRONG><a name="[c8]"></a>__rt_heap_expand$2region</STRONG> (Thumb, 2 bytes, Stack size 0 bytes, heapauxi.o(.text), UNUSED)

<P><STRONG><a name="[c9]"></a>__aeabi_dadd</STRONG> (Thumb, 0 bytes, Stack size 8 bytes, daddsub.o(.text), UNUSED)

<P><STRONG><a name="[4c]"></a>_dadd</STRONG> (Thumb, 26 bytes, Stack size 8 bytes, daddsub.o(.text), UNUSED)
<BR><BR>[Calls]<UL><LI><a href="#[4d]">&gt;&gt;</a>&nbsp;&nbsp;&nbsp;_dsub1
<LI><a href="#[4e]">&gt;&gt;</a>&nbsp;&nbsp;&nbsp;_dadd1
</UL>

<P><STRONG><a name="[8e]"></a>__aeabi_dsub</STRONG> (Thumb, 0 bytes, Stack size 8 bytes, daddsub.o(.text))
<BR><BR>[Stack]<UL><LI>Max Depth = 8<LI>Call Chain = __aeabi_dsub
</UL>
<BR>[Called By]<UL><LI><a href="#[7c]">&gt;&gt;</a>&nbsp;&nbsp;&nbsp;eMBRegInputCB
</UL>

<P><STRONG><a name="[4f]"></a>_dsub</STRONG> (Thumb, 22 bytes, Stack size 8 bytes, daddsub.o(.text), UNUSED)
<BR><BR>[Calls]<UL><LI><a href="#[4d]">&gt;&gt;</a>&nbsp;&nbsp;&nbsp;_dsub1
<LI><a href="#[4e]">&gt;&gt;</a>&nbsp;&nbsp;&nbsp;_dadd1
</UL>

<P><STRONG><a name="[ca]"></a>__aeabi_drsub</STRONG> (Thumb, 0 bytes, Stack size 16 bytes, daddsub.o(.text), UNUSED)

<P><STRONG><a name="[50]"></a>_drsb</STRONG> (Thumb, 28 bytes, Stack size 16 bytes, daddsub.o(.text), UNUSED)
<BR><BR>[Calls]<UL><LI><a href="#[4d]">&gt;&gt;</a>&nbsp;&nbsp;&nbsp;_dsub1
<LI><a href="#[4e]">&gt;&gt;</a>&nbsp;&nbsp;&nbsp;_dadd1
</UL>

<P><STRONG><a name="[8f]"></a>__aeabi_d2iz</STRONG> (Thumb, 0 bytes, Stack size 12 bytes, dfixi.o(.text))
<BR><BR>[Stack]<UL><LI>Max Depth = 12<LI>Call Chain = __aeabi_d2iz
</UL>
<BR>[Called By]<UL><LI><a href="#[7c]">&gt;&gt;</a>&nbsp;&nbsp;&nbsp;eMBRegInputCB
</UL>

<P><STRONG><a name="[cb]"></a>_dfix</STRONG> (Thumb, 98 bytes, Stack size 12 bytes, dfixi.o(.text), UNUSED)

<P><STRONG><a name="[52]"></a>__aeabi_i2d_normalise</STRONG> (Thumb, 66 bytes, Stack size 0 bytes, dflti.o(.text))
<BR><BR>[Called By]<UL><LI><a href="#[53]">&gt;&gt;</a>&nbsp;&nbsp;&nbsp;__aeabi_ui2d
<LI><a href="#[51]">&gt;&gt;</a>&nbsp;&nbsp;&nbsp;__aeabi_i2d
</UL>

<P><STRONG><a name="[51]"></a>__aeabi_i2d</STRONG> (Thumb, 16 bytes, Stack size 0 bytes, dflti.o(.text), UNUSED)
<BR><BR>[Calls]<UL><LI><a href="#[52]">&gt;&gt;</a>&nbsp;&nbsp;&nbsp;__aeabi_i2d_normalise
</UL>

<P><STRONG><a name="[cc]"></a>_dflt</STRONG> (Thumb, 0 bytes, Stack size 0 bytes, dflti.o(.text), UNUSED)

<P><STRONG><a name="[53]"></a>__aeabi_ui2d</STRONG> (Thumb, 6 bytes, Stack size 0 bytes, dflti.o(.text))
<BR><BR>[Calls]<UL><LI><a href="#[52]">&gt;&gt;</a>&nbsp;&nbsp;&nbsp;__aeabi_i2d_normalise
</UL>
<BR>[Called By]<UL><LI><a href="#[7c]">&gt;&gt;</a>&nbsp;&nbsp;&nbsp;eMBRegInputCB
</UL>

<P><STRONG><a name="[cd]"></a>_dfltu</STRONG> (Thumb, 0 bytes, Stack size 0 bytes, dflti.o(.text), UNUSED)

<P><STRONG><a name="[8d]"></a>__ARM_scalbn</STRONG> (Thumb, 84 bytes, Stack size 16 bytes, dscalbn.o(.text))
<BR><BR>[Stack]<UL><LI>Max Depth = 16<LI>Call Chain = __ARM_scalbn
</UL>
<BR>[Called By]<UL><LI><a href="#[7c]">&gt;&gt;</a>&nbsp;&nbsp;&nbsp;eMBRegInputCB
</UL>

<P><STRONG><a name="[47]"></a>_sys_exit</STRONG> (Thumb, 8 bytes, Stack size 0 bytes, sys_exit.o(.text))
<BR><BR>[Called By]<UL><LI><a href="#[46]">&gt;&gt;</a>&nbsp;&nbsp;&nbsp;__rt_exit_exit
<LI><a href="#[55]">&gt;&gt;</a>&nbsp;&nbsp;&nbsp;__sig_exit
<LI><a href="#[48]">&gt;&gt;</a>&nbsp;&nbsp;&nbsp;abort
</UL>

<P><STRONG><a name="[49]"></a>__rt_SIGABRT</STRONG> (Thumb, 12 bytes, Stack size 8 bytes, defsig_abrt_outer.o(.text))
<BR><BR>[Stack]<UL><LI>Max Depth = 40<LI>Call Chain = __rt_SIGABRT &rArr; __rt_SIGABRT_inner &rArr; __default_signal_display &rArr; _ttywrch
</UL>
<BR>[Calls]<UL><LI><a href="#[54]">&gt;&gt;</a>&nbsp;&nbsp;&nbsp;__rt_SIGABRT_inner
<LI><a href="#[55]">&gt;&gt;</a>&nbsp;&nbsp;&nbsp;__sig_exit
</UL>
<BR>[Called By]<UL><LI><a href="#[48]">&gt;&gt;</a>&nbsp;&nbsp;&nbsp;abort
</UL>

<P><STRONG><a name="[ce]"></a>__I$use$semihosting</STRONG> (Thumb, 0 bytes, Stack size 0 bytes, use_no_semi.o(.text), UNUSED)

<P><STRONG><a name="[cf]"></a>__use_no_semihosting_swi</STRONG> (Thumb, 2 bytes, Stack size 0 bytes, use_no_semi.o(.text), UNUSED)

<P><STRONG><a name="[d0]"></a>__semihosting_library_function</STRONG> (Thumb, 0 bytes, Stack size 8 bytes, indicate_semi.o(.text), UNUSED)

<P><STRONG><a name="[55]"></a>__sig_exit</STRONG> (Thumb, 12 bytes, Stack size 8 bytes, defsig_exit.o(.text))
<BR><BR>[Stack]<UL><LI>Max Depth = 8<LI>Call Chain = __sig_exit
</UL>
<BR>[Calls]<UL><LI><a href="#[47]">&gt;&gt;</a>&nbsp;&nbsp;&nbsp;_sys_exit
</UL>
<BR>[Called By]<UL><LI><a href="#[49]">&gt;&gt;</a>&nbsp;&nbsp;&nbsp;__rt_SIGABRT
</UL>

<P><STRONG><a name="[54]"></a>__rt_SIGABRT_inner</STRONG> (Thumb, 14 bytes, Stack size 8 bytes, defsig_abrt_inner.o(.text))
<BR><BR>[Stack]<UL><LI>Max Depth = 32<LI>Call Chain = __rt_SIGABRT_inner &rArr; __default_signal_display &rArr; _ttywrch
</UL>
<BR>[Calls]<UL><LI><a href="#[56]">&gt;&gt;</a>&nbsp;&nbsp;&nbsp;__default_signal_display
</UL>
<BR>[Called By]<UL><LI><a href="#[49]">&gt;&gt;</a>&nbsp;&nbsp;&nbsp;__rt_SIGABRT
</UL>

<P><STRONG><a name="[3e]"></a>__user_setup_stackheap</STRONG> (Thumb, 62 bytes, Stack size 8 bytes, sys_stackheap_outer.o(.text))
<BR><BR>[Stack]<UL><LI>Max Depth = 8 + Unknown Stack Size
<LI>Call Chain = __user_setup_stackheap
</UL>
<BR>[Calls]<UL><LI><a href="#[57]">&gt;&gt;</a>&nbsp;&nbsp;&nbsp;__user_perproc_libspace
<LI><a href="#[38]">&gt;&gt;</a>&nbsp;&nbsp;&nbsp;__user_initial_stackheap
</UL>
<BR>[Called By]<UL><LI><a href="#[3d]">&gt;&gt;</a>&nbsp;&nbsp;&nbsp;__rt_entry_sh
</UL>

<P><STRONG><a name="[43]"></a>exit</STRONG> (Thumb, 12 bytes, Stack size 0 bytes, exit.o(.text))
<BR><BR>[Calls]<UL><LI><a href="#[59]">&gt;&gt;</a>&nbsp;&nbsp;&nbsp;__rt_exit
<LI><a href="#[58]">&gt;&gt;</a>&nbsp;&nbsp;&nbsp;_call_atexit_fns (Weak Reference)
</UL>
<BR>[Called By]<UL><LI><a href="#[41]">&gt;&gt;</a>&nbsp;&nbsp;&nbsp;__rt_entry_main
</UL>

<P><STRONG><a name="[56]"></a>__default_signal_display</STRONG> (Thumb, 52 bytes, Stack size 16 bytes, defsig_general.o(.text))
<BR><BR>[Stack]<UL><LI>Max Depth = 24<LI>Call Chain = __default_signal_display &rArr; _ttywrch
</UL>
<BR>[Calls]<UL><LI><a href="#[5a]">&gt;&gt;</a>&nbsp;&nbsp;&nbsp;_ttywrch
</UL>
<BR>[Called By]<UL><LI><a href="#[54]">&gt;&gt;</a>&nbsp;&nbsp;&nbsp;__rt_SIGABRT_inner
</UL>

<P><STRONG><a name="[5a]"></a>_ttywrch</STRONG> (Thumb, 12 bytes, Stack size 8 bytes, sys_wrch.o(.text))
<BR><BR>[Stack]<UL><LI>Max Depth = 8<LI>Call Chain = _ttywrch
</UL>
<BR>[Called By]<UL><LI><a href="#[56]">&gt;&gt;</a>&nbsp;&nbsp;&nbsp;__default_signal_display
</UL>

<P><STRONG><a name="[d1]"></a>__user_libspace</STRONG> (Thumb, 8 bytes, Stack size 0 bytes, libspace.o(.text), UNUSED)

<P><STRONG><a name="[57]"></a>__user_perproc_libspace</STRONG> (Thumb, 0 bytes, Stack size 0 bytes, libspace.o(.text))
<BR><BR>[Called By]<UL><LI><a href="#[3e]">&gt;&gt;</a>&nbsp;&nbsp;&nbsp;__user_setup_stackheap
</UL>

<P><STRONG><a name="[d2]"></a>__user_perthread_libspace</STRONG> (Thumb, 0 bytes, Stack size 0 bytes, libspace.o(.text), UNUSED)

<P><STRONG><a name="[89]"></a>ADC_ChannelConfig</STRONG> (Thumb, 10 bytes, Stack size 0 bytes, stm32f0xx_adc.o(i.ADC_ChannelConfig))
<BR><BR>[Called By]<UL><LI><a href="#[7c]">&gt;&gt;</a>&nbsp;&nbsp;&nbsp;eMBRegInputCB
</UL>

<P><STRONG><a name="[62]"></a>ADC_Cmd</STRONG> (Thumb, 22 bytes, Stack size 0 bytes, stm32f0xx_adc.o(i.ADC_Cmd))
<BR><BR>[Called By]<UL><LI><a href="#[5b]">&gt;&gt;</a>&nbsp;&nbsp;&nbsp;ADC_init
</UL>

<P><STRONG><a name="[61]"></a>ADC_GetCalibrationFactor</STRONG> (Thumb, 46 bytes, Stack size 0 bytes, stm32f0xx_adc.o(i.ADC_GetCalibrationFactor))
<BR><BR>[Called By]<UL><LI><a href="#[5b]">&gt;&gt;</a>&nbsp;&nbsp;&nbsp;ADC_init
</UL>

<P><STRONG><a name="[8c]"></a>ADC_GetConversionValue</STRONG> (Thumb, 6 bytes, Stack size 0 bytes, stm32f0xx_adc.o(i.ADC_GetConversionValue))
<BR><BR>[Called By]<UL><LI><a href="#[7c]">&gt;&gt;</a>&nbsp;&nbsp;&nbsp;eMBRegInputCB
</UL>

<P><STRONG><a name="[8b]"></a>ADC_GetFlagStatus</STRONG> (Thumb, 28 bytes, Stack size 0 bytes, stm32f0xx_adc.o(i.ADC_GetFlagStatus))
<BR><BR>[Called By]<UL><LI><a href="#[7c]">&gt;&gt;</a>&nbsp;&nbsp;&nbsp;eMBRegInputCB
</UL>

<P><STRONG><a name="[60]"></a>ADC_Init</STRONG> (Thumb, 40 bytes, Stack size 8 bytes, stm32f0xx_adc.o(i.ADC_Init))
<BR><BR>[Stack]<UL><LI>Max Depth = 8<LI>Call Chain = ADC_Init
</UL>
<BR>[Called By]<UL><LI><a href="#[5b]">&gt;&gt;</a>&nbsp;&nbsp;&nbsp;ADC_init
</UL>

<P><STRONG><a name="[8a]"></a>ADC_StartOfConversion</STRONG> (Thumb, 10 bytes, Stack size 0 bytes, stm32f0xx_adc.o(i.ADC_StartOfConversion))
<BR><BR>[Called By]<UL><LI><a href="#[7c]">&gt;&gt;</a>&nbsp;&nbsp;&nbsp;eMBRegInputCB
</UL>

<P><STRONG><a name="[5f]"></a>ADC_StructInit</STRONG> (Thumb, 16 bytes, Stack size 0 bytes, stm32f0xx_adc.o(i.ADC_StructInit))
<BR><BR>[Called By]<UL><LI><a href="#[5b]">&gt;&gt;</a>&nbsp;&nbsp;&nbsp;ADC_init
</UL>

<P><STRONG><a name="[5b]"></a>ADC_init</STRONG> (Thumb, 88 bytes, Stack size 40 bytes, init_periph.o(i.ADC_init))
<BR><BR>[Stack]<UL><LI>Max Depth = 56<LI>Call Chain = ADC_init &rArr; GPIO_Init
</UL>
<BR>[Calls]<UL><LI><a href="#[5e]">&gt;&gt;</a>&nbsp;&nbsp;&nbsp;RCC_APB2PeriphClockCmd
<LI><a href="#[5c]">&gt;&gt;</a>&nbsp;&nbsp;&nbsp;RCC_AHBPeriphClockCmd
<LI><a href="#[5d]">&gt;&gt;</a>&nbsp;&nbsp;&nbsp;GPIO_Init
<LI><a href="#[5f]">&gt;&gt;</a>&nbsp;&nbsp;&nbsp;ADC_StructInit
<LI><a href="#[60]">&gt;&gt;</a>&nbsp;&nbsp;&nbsp;ADC_Init
<LI><a href="#[61]">&gt;&gt;</a>&nbsp;&nbsp;&nbsp;ADC_GetCalibrationFactor
<LI><a href="#[62]">&gt;&gt;</a>&nbsp;&nbsp;&nbsp;ADC_Cmd
</UL>
<BR>[Called By]<UL><LI><a href="#[42]">&gt;&gt;</a>&nbsp;&nbsp;&nbsp;main
</UL>

<P><STRONG><a name="[5d]"></a>GPIO_Init</STRONG> (Thumb, 114 bytes, Stack size 16 bytes, stm32f0xx_gpio.o(i.GPIO_Init))
<BR><BR>[Stack]<UL><LI>Max Depth = 16<LI>Call Chain = GPIO_Init
</UL>
<BR>[Called By]<UL><LI><a href="#[83]">&gt;&gt;</a>&nbsp;&nbsp;&nbsp;xMBPortSerialInit
<LI><a href="#[6e]">&gt;&gt;</a>&nbsp;&nbsp;&nbsp;SPI_init
<LI><a href="#[63]">&gt;&gt;</a>&nbsp;&nbsp;&nbsp;GPIO_init
<LI><a href="#[5b]">&gt;&gt;</a>&nbsp;&nbsp;&nbsp;ADC_init
</UL>

<P><STRONG><a name="[6f]"></a>GPIO_PinAFConfig</STRONG> (Thumb, 34 bytes, Stack size 4 bytes, stm32f0xx_gpio.o(i.GPIO_PinAFConfig))
<BR><BR>[Stack]<UL><LI>Max Depth = 4<LI>Call Chain = GPIO_PinAFConfig
</UL>
<BR>[Called By]<UL><LI><a href="#[83]">&gt;&gt;</a>&nbsp;&nbsp;&nbsp;xMBPortSerialInit
<LI><a href="#[6e]">&gt;&gt;</a>&nbsp;&nbsp;&nbsp;SPI_init
</UL>

<P><STRONG><a name="[91]"></a>GPIO_ReadInputDataBit</STRONG> (Thumb, 14 bytes, Stack size 0 bytes, stm32f0xx_gpio.o(i.GPIO_ReadInputDataBit))
<BR><BR>[Called By]<UL><LI><a href="#[42]">&gt;&gt;</a>&nbsp;&nbsp;&nbsp;main
</UL>

<P><STRONG><a name="[75]"></a>GPIO_ResetBits</STRONG> (Thumb, 4 bytes, Stack size 0 bytes, stm32f0xx_gpio.o(i.GPIO_ResetBits))
<BR><BR>[Called By]<UL><LI><a href="#[86]">&gt;&gt;</a>&nbsp;&nbsp;&nbsp;vMBPortSerialEnable
<LI><a href="#[42]">&gt;&gt;</a>&nbsp;&nbsp;&nbsp;main
<LI><a href="#[7b]">&gt;&gt;</a>&nbsp;&nbsp;&nbsp;eMBRegHoldingCB
<LI><a href="#[66]">&gt;&gt;</a>&nbsp;&nbsp;&nbsp;digitalWrite
<LI><a href="#[21]">&gt;&gt;</a>&nbsp;&nbsp;&nbsp;USART1_IRQHandler
</UL>

<P><STRONG><a name="[64]"></a>GPIO_SetBits</STRONG> (Thumb, 4 bytes, Stack size 0 bytes, stm32f0xx_gpio.o(i.GPIO_SetBits))
<BR><BR>[Called By]<UL><LI><a href="#[83]">&gt;&gt;</a>&nbsp;&nbsp;&nbsp;xMBPortSerialInit
<LI><a href="#[86]">&gt;&gt;</a>&nbsp;&nbsp;&nbsp;vMBPortSerialEnable
<LI><a href="#[42]">&gt;&gt;</a>&nbsp;&nbsp;&nbsp;main
<LI><a href="#[7b]">&gt;&gt;</a>&nbsp;&nbsp;&nbsp;eMBRegHoldingCB
<LI><a href="#[63]">&gt;&gt;</a>&nbsp;&nbsp;&nbsp;GPIO_init
<LI><a href="#[66]">&gt;&gt;</a>&nbsp;&nbsp;&nbsp;digitalWrite
<LI><a href="#[18]">&gt;&gt;</a>&nbsp;&nbsp;&nbsp;TIM3_IRQHandler
</UL>

<P><STRONG><a name="[63]"></a>GPIO_init</STRONG> (Thumb, 212 bytes, Stack size 32 bytes, init_periph.o(i.GPIO_init))
<BR><BR>[Stack]<UL><LI>Max Depth = 48<LI>Call Chain = GPIO_init &rArr; GPIO_Init
</UL>
<BR>[Calls]<UL><LI><a href="#[5c]">&gt;&gt;</a>&nbsp;&nbsp;&nbsp;RCC_AHBPeriphClockCmd
<LI><a href="#[64]">&gt;&gt;</a>&nbsp;&nbsp;&nbsp;GPIO_SetBits
<LI><a href="#[5d]">&gt;&gt;</a>&nbsp;&nbsp;&nbsp;GPIO_Init
</UL>
<BR>[Called By]<UL><LI><a href="#[42]">&gt;&gt;</a>&nbsp;&nbsp;&nbsp;main
</UL>

<P><STRONG><a name="[65]"></a>MAX31865_config</STRONG> (Thumb, 76 bytes, Stack size 16 bytes, playingwithfusion_max31865.o(i.MAX31865_config))
<BR><BR>[Stack]<UL><LI>Max Depth = 24<LI>Call Chain = MAX31865_config &rArr; digitalWrite
</UL>
<BR>[Calls]<UL><LI><a href="#[67]">&gt;&gt;</a>&nbsp;&nbsp;&nbsp;SPI_SendData8
<LI><a href="#[69]">&gt;&gt;</a>&nbsp;&nbsp;&nbsp;SPI_ReceiveData8
<LI><a href="#[68]">&gt;&gt;</a>&nbsp;&nbsp;&nbsp;SPI_I2S_GetFlagStatus
<LI><a href="#[66]">&gt;&gt;</a>&nbsp;&nbsp;&nbsp;digitalWrite
</UL>
<BR>[Called By]<UL><LI><a href="#[42]">&gt;&gt;</a>&nbsp;&nbsp;&nbsp;main
</UL>

<P><STRONG><a name="[6a]"></a>MAX31865_full_read</STRONG> (Thumb, 372 bytes, Stack size 24 bytes, playingwithfusion_max31865.o(i.MAX31865_full_read))
<BR><BR>[Stack]<UL><LI>Max Depth = 32<LI>Call Chain = MAX31865_full_read &rArr; digitalWrite
</UL>
<BR>[Calls]<UL><LI><a href="#[67]">&gt;&gt;</a>&nbsp;&nbsp;&nbsp;SPI_SendData8
<LI><a href="#[69]">&gt;&gt;</a>&nbsp;&nbsp;&nbsp;SPI_ReceiveData8
<LI><a href="#[68]">&gt;&gt;</a>&nbsp;&nbsp;&nbsp;SPI_I2S_GetFlagStatus
<LI><a href="#[66]">&gt;&gt;</a>&nbsp;&nbsp;&nbsp;digitalWrite
</UL>
<BR>[Called By]<UL><LI><a href="#[7c]">&gt;&gt;</a>&nbsp;&nbsp;&nbsp;eMBRegInputCB
</UL>

<P><STRONG><a name="[6b]"></a>PWFusion_MAX31865_RTD</STRONG> (Thumb, 16 bytes, Stack size 8 bytes, playingwithfusion_max31865.o(i.PWFusion_MAX31865_RTD))
<BR><BR>[Stack]<UL><LI>Max Depth = 16<LI>Call Chain = PWFusion_MAX31865_RTD &rArr; digitalWrite
</UL>
<BR>[Calls]<UL><LI><a href="#[66]">&gt;&gt;</a>&nbsp;&nbsp;&nbsp;digitalWrite
</UL>
<BR>[Called By]<UL><LI><a href="#[42]">&gt;&gt;</a>&nbsp;&nbsp;&nbsp;main
<LI><a href="#[7c]">&gt;&gt;</a>&nbsp;&nbsp;&nbsp;eMBRegInputCB
</UL>

<P><STRONG><a name="[5c]"></a>RCC_AHBPeriphClockCmd</STRONG> (Thumb, 18 bytes, Stack size 0 bytes, stm32f0xx_rcc.o(i.RCC_AHBPeriphClockCmd))
<BR><BR>[Called By]<UL><LI><a href="#[83]">&gt;&gt;</a>&nbsp;&nbsp;&nbsp;xMBPortSerialInit
<LI><a href="#[6e]">&gt;&gt;</a>&nbsp;&nbsp;&nbsp;SPI_init
<LI><a href="#[63]">&gt;&gt;</a>&nbsp;&nbsp;&nbsp;GPIO_init
<LI><a href="#[5b]">&gt;&gt;</a>&nbsp;&nbsp;&nbsp;ADC_init
</UL>

<P><STRONG><a name="[9d]"></a>RCC_APB1PeriphClockCmd</STRONG> (Thumb, 18 bytes, Stack size 0 bytes, stm32f0xx_rcc.o(i.RCC_APB1PeriphClockCmd))
<BR><BR>[Called By]<UL><LI><a href="#[84]">&gt;&gt;</a>&nbsp;&nbsp;&nbsp;xMBPortTimersInit
</UL>

<P><STRONG><a name="[5e]"></a>RCC_APB2PeriphClockCmd</STRONG> (Thumb, 18 bytes, Stack size 0 bytes, stm32f0xx_rcc.o(i.RCC_APB2PeriphClockCmd))
<BR><BR>[Called By]<UL><LI><a href="#[83]">&gt;&gt;</a>&nbsp;&nbsp;&nbsp;xMBPortSerialInit
<LI><a href="#[6e]">&gt;&gt;</a>&nbsp;&nbsp;&nbsp;SPI_init
<LI><a href="#[5b]">&gt;&gt;</a>&nbsp;&nbsp;&nbsp;ADC_init
</UL>

<P><STRONG><a name="[6c]"></a>RCC_GetClocksFreq</STRONG> (Thumb, 346 bytes, Stack size 24 bytes, stm32f0xx_rcc.o(i.RCC_GetClocksFreq))
<BR><BR>[Stack]<UL><LI>Max Depth = 24<LI>Call Chain = RCC_GetClocksFreq
</UL>
<BR>[Calls]<UL><LI><a href="#[6d]">&gt;&gt;</a>&nbsp;&nbsp;&nbsp;__aeabi_uidivmod
</UL>
<BR>[Called By]<UL><LI><a href="#[77]">&gt;&gt;</a>&nbsp;&nbsp;&nbsp;USART_Init
</UL>

<P><STRONG><a name="[71]"></a>SPI_Cmd</STRONG> (Thumb, 18 bytes, Stack size 0 bytes, stm32f0xx_spi.o(i.SPI_Cmd))
<BR><BR>[Called By]<UL><LI><a href="#[6e]">&gt;&gt;</a>&nbsp;&nbsp;&nbsp;SPI_init
</UL>

<P><STRONG><a name="[68]"></a>SPI_I2S_GetFlagStatus</STRONG> (Thumb, 14 bytes, Stack size 0 bytes, stm32f0xx_spi.o(i.SPI_I2S_GetFlagStatus))
<BR><BR>[Called By]<UL><LI><a href="#[6a]">&gt;&gt;</a>&nbsp;&nbsp;&nbsp;MAX31865_full_read
<LI><a href="#[65]">&gt;&gt;</a>&nbsp;&nbsp;&nbsp;MAX31865_config
</UL>

<P><STRONG><a name="[70]"></a>SPI_Init</STRONG> (Thumb, 76 bytes, Stack size 8 bytes, stm32f0xx_spi.o(i.SPI_Init))
<BR><BR>[Stack]<UL><LI>Max Depth = 8<LI>Call Chain = SPI_Init
</UL>
<BR>[Called By]<UL><LI><a href="#[6e]">&gt;&gt;</a>&nbsp;&nbsp;&nbsp;SPI_init
</UL>

<P><STRONG><a name="[69]"></a>SPI_ReceiveData8</STRONG> (Thumb, 4 bytes, Stack size 0 bytes, stm32f0xx_spi.o(i.SPI_ReceiveData8))
<BR><BR>[Called By]<UL><LI><a href="#[6a]">&gt;&gt;</a>&nbsp;&nbsp;&nbsp;MAX31865_full_read
<LI><a href="#[65]">&gt;&gt;</a>&nbsp;&nbsp;&nbsp;MAX31865_config
</UL>

<P><STRONG><a name="[67]"></a>SPI_SendData8</STRONG> (Thumb, 4 bytes, Stack size 0 bytes, stm32f0xx_spi.o(i.SPI_SendData8))
<BR><BR>[Called By]<UL><LI><a href="#[6a]">&gt;&gt;</a>&nbsp;&nbsp;&nbsp;MAX31865_full_read
<LI><a href="#[65]">&gt;&gt;</a>&nbsp;&nbsp;&nbsp;MAX31865_config
</UL>

<P><STRONG><a name="[6e]"></a>SPI_init</STRONG> (Thumb, 166 bytes, Stack size 48 bytes, init_periph.o(i.SPI_init))
<BR><BR>[Stack]<UL><LI>Max Depth = 64<LI>Call Chain = SPI_init &rArr; GPIO_Init
</UL>
<BR>[Calls]<UL><LI><a href="#[70]">&gt;&gt;</a>&nbsp;&nbsp;&nbsp;SPI_Init
<LI><a href="#[71]">&gt;&gt;</a>&nbsp;&nbsp;&nbsp;SPI_Cmd
<LI><a href="#[5e]">&gt;&gt;</a>&nbsp;&nbsp;&nbsp;RCC_APB2PeriphClockCmd
<LI><a href="#[5c]">&gt;&gt;</a>&nbsp;&nbsp;&nbsp;RCC_AHBPeriphClockCmd
<LI><a href="#[6f]">&gt;&gt;</a>&nbsp;&nbsp;&nbsp;GPIO_PinAFConfig
<LI><a href="#[5d]">&gt;&gt;</a>&nbsp;&nbsp;&nbsp;GPIO_Init
</UL>
<BR>[Called By]<UL><LI><a href="#[42]">&gt;&gt;</a>&nbsp;&nbsp;&nbsp;main
</UL>

<P><STRONG><a name="[23]"></a>SystemInit</STRONG> (Thumb, 216 bytes, Stack size 16 bytes, system_stm32f0xx_1.o(i.SystemInit))
<BR><BR>[Stack]<UL><LI>Max Depth = 16<LI>Call Chain = SystemInit
</UL>
<BR>[Address Reference Count : 1]<UL><LI> startup_stm32f030.o(.text)
</UL>
<P><STRONG><a name="[18]"></a>TIM3_IRQHandler</STRONG> (Thumb, 42 bytes, Stack size 8 bytes, porttimer.o(i.TIM3_IRQHandler))
<BR><BR>[Stack]<UL><LI>Max Depth = 8<LI>Call Chain = TIM3_IRQHandler
</UL>
<BR>[Calls]<UL><LI><a href="#[64]">&gt;&gt;</a>&nbsp;&nbsp;&nbsp;GPIO_SetBits
<LI><a href="#[72]">&gt;&gt;</a>&nbsp;&nbsp;&nbsp;TIM_GetITStatus
<LI><a href="#[73]">&gt;&gt;</a>&nbsp;&nbsp;&nbsp;TIM_ClearITPendingBit
</UL>
<BR>[Address Reference Count : 1]<UL><LI> startup_stm32f030.o(RESET)
</UL>
<P><STRONG><a name="[73]"></a>TIM_ClearITPendingBit</STRONG> (Thumb, 6 bytes, Stack size 0 bytes, stm32f0xx_tim.o(i.TIM_ClearITPendingBit))
<BR><BR>[Called By]<UL><LI><a href="#[87]">&gt;&gt;</a>&nbsp;&nbsp;&nbsp;vMBPortTimersEnable
<LI><a href="#[88]">&gt;&gt;</a>&nbsp;&nbsp;&nbsp;vMBPortTimersDisable
<LI><a href="#[18]">&gt;&gt;</a>&nbsp;&nbsp;&nbsp;TIM3_IRQHandler
</UL>

<P><STRONG><a name="[95]"></a>TIM_Cmd</STRONG> (Thumb, 20 bytes, Stack size 0 bytes, stm32f0xx_tim.o(i.TIM_Cmd))
<BR><BR>[Called By]<UL><LI><a href="#[84]">&gt;&gt;</a>&nbsp;&nbsp;&nbsp;xMBPortTimersInit
<LI><a href="#[87]">&gt;&gt;</a>&nbsp;&nbsp;&nbsp;vMBPortTimersEnable
<LI><a href="#[88]">&gt;&gt;</a>&nbsp;&nbsp;&nbsp;vMBPortTimersDisable
</UL>

<P><STRONG><a name="[72]"></a>TIM_GetITStatus</STRONG> (Thumb, 24 bytes, Stack size 0 bytes, stm32f0xx_tim.o(i.TIM_GetITStatus))
<BR><BR>[Called By]<UL><LI><a href="#[18]">&gt;&gt;</a>&nbsp;&nbsp;&nbsp;TIM3_IRQHandler
</UL>

<P><STRONG><a name="[97]"></a>TIM_ITConfig</STRONG> (Thumb, 16 bytes, Stack size 0 bytes, stm32f0xx_tim.o(i.TIM_ITConfig))
<BR><BR>[Called By]<UL><LI><a href="#[84]">&gt;&gt;</a>&nbsp;&nbsp;&nbsp;xMBPortTimersInit
<LI><a href="#[87]">&gt;&gt;</a>&nbsp;&nbsp;&nbsp;vMBPortTimersEnable
<LI><a href="#[88]">&gt;&gt;</a>&nbsp;&nbsp;&nbsp;vMBPortTimersDisable
</UL>

<P><STRONG><a name="[96]"></a>TIM_SetCounter</STRONG> (Thumb, 4 bytes, Stack size 0 bytes, stm32f0xx_tim.o(i.TIM_SetCounter))
<BR><BR>[Called By]<UL><LI><a href="#[87]">&gt;&gt;</a>&nbsp;&nbsp;&nbsp;vMBPortTimersEnable
<LI><a href="#[88]">&gt;&gt;</a>&nbsp;&nbsp;&nbsp;vMBPortTimersDisable
</UL>

<P><STRONG><a name="[9e]"></a>TIM_TimeBaseInit</STRONG> (Thumb, 90 bytes, Stack size 4 bytes, stm32f0xx_tim.o(i.TIM_TimeBaseInit))
<BR><BR>[Stack]<UL><LI>Max Depth = 4<LI>Call Chain = TIM_TimeBaseInit
</UL>
<BR>[Called By]<UL><LI><a href="#[84]">&gt;&gt;</a>&nbsp;&nbsp;&nbsp;xMBPortTimersInit
</UL>

<P><STRONG><a name="[21]"></a>USART1_IRQHandler</STRONG> (Thumb, 62 bytes, Stack size 16 bytes, portserial.o(i.USART1_IRQHandler))
<BR><BR>[Stack]<UL><LI>Max Depth = 24<LI>Call Chain = USART1_IRQHandler &rArr; USART_GetITStatus
</UL>
<BR>[Calls]<UL><LI><a href="#[75]">&gt;&gt;</a>&nbsp;&nbsp;&nbsp;GPIO_ResetBits
<LI><a href="#[74]">&gt;&gt;</a>&nbsp;&nbsp;&nbsp;USART_GetITStatus
<LI><a href="#[76]">&gt;&gt;</a>&nbsp;&nbsp;&nbsp;USART_ClearITPendingBit
</UL>
<BR>[Address Reference Count : 1]<UL><LI> startup_stm32f030.o(RESET)
</UL>
<P><STRONG><a name="[76]"></a>USART_ClearITPendingBit</STRONG> (Thumb, 10 bytes, Stack size 0 bytes, stm32f0xx_usart.o(i.USART_ClearITPendingBit))
<BR><BR>[Called By]<UL><LI><a href="#[98]">&gt;&gt;</a>&nbsp;&nbsp;&nbsp;xMBPortSerialGetByte
<LI><a href="#[21]">&gt;&gt;</a>&nbsp;&nbsp;&nbsp;USART1_IRQHandler
</UL>

<P><STRONG><a name="[9a]"></a>USART_Cmd</STRONG> (Thumb, 20 bytes, Stack size 0 bytes, stm32f0xx_usart.o(i.USART_Cmd))
<BR><BR>[Called By]<UL><LI><a href="#[83]">&gt;&gt;</a>&nbsp;&nbsp;&nbsp;xMBPortSerialInit
</UL>

<P><STRONG><a name="[93]"></a>USART_GetFlagStatus</STRONG> (Thumb, 14 bytes, Stack size 0 bytes, stm32f0xx_usart.o(i.USART_GetFlagStatus))
<BR><BR>[Called By]<UL><LI><a href="#[86]">&gt;&gt;</a>&nbsp;&nbsp;&nbsp;vMBPortSerialEnable
<LI><a href="#[42]">&gt;&gt;</a>&nbsp;&nbsp;&nbsp;main
</UL>

<P><STRONG><a name="[74]"></a>USART_GetITStatus</STRONG> (Thumb, 60 bytes, Stack size 8 bytes, stm32f0xx_usart.o(i.USART_GetITStatus))
<BR><BR>[Stack]<UL><LI>Max Depth = 8<LI>Call Chain = USART_GetITStatus
</UL>
<BR>[Called By]<UL><LI><a href="#[21]">&gt;&gt;</a>&nbsp;&nbsp;&nbsp;USART1_IRQHandler
</UL>

<P><STRONG><a name="[94]"></a>USART_ITConfig</STRONG> (Thumb, 44 bytes, Stack size 4 bytes, stm32f0xx_usart.o(i.USART_ITConfig))
<BR><BR>[Stack]<UL><LI>Max Depth = 4<LI>Call Chain = USART_ITConfig
</UL>
<BR>[Called By]<UL><LI><a href="#[86]">&gt;&gt;</a>&nbsp;&nbsp;&nbsp;vMBPortSerialEnable
</UL>

<P><STRONG><a name="[77]"></a>USART_Init</STRONG> (Thumb, 148 bytes, Stack size 56 bytes, stm32f0xx_usart.o(i.USART_Init))
<BR><BR>[Stack]<UL><LI>Max Depth = 80<LI>Call Chain = USART_Init &rArr; RCC_GetClocksFreq
</UL>
<BR>[Calls]<UL><LI><a href="#[6c]">&gt;&gt;</a>&nbsp;&nbsp;&nbsp;RCC_GetClocksFreq
<LI><a href="#[6d]">&gt;&gt;</a>&nbsp;&nbsp;&nbsp;__aeabi_uidivmod
</UL>
<BR>[Called By]<UL><LI><a href="#[83]">&gt;&gt;</a>&nbsp;&nbsp;&nbsp;xMBPortSerialInit
</UL>

<P><STRONG><a name="[99]"></a>USART_ReceiveData</STRONG> (Thumb, 8 bytes, Stack size 0 bytes, stm32f0xx_usart.o(i.USART_ReceiveData))
<BR><BR>[Called By]<UL><LI><a href="#[98]">&gt;&gt;</a>&nbsp;&nbsp;&nbsp;xMBPortSerialGetByte
</UL>

<P><STRONG><a name="[9c]"></a>USART_SendData</STRONG> (Thumb, 8 bytes, Stack size 0 bytes, stm32f0xx_usart.o(i.USART_SendData))
<BR><BR>[Called By]<UL><LI><a href="#[9b]">&gt;&gt;</a>&nbsp;&nbsp;&nbsp;xMBPortSerialPutByte
</UL>

<P><STRONG><a name="[66]"></a>digitalWrite</STRONG> (Thumb, 60 bytes, Stack size 8 bytes, playingwithfusion_max31865.o(i.digitalWrite))
<BR><BR>[Stack]<UL><LI>Max Depth = 8<LI>Call Chain = digitalWrite
</UL>
<BR>[Calls]<UL><LI><a href="#[75]">&gt;&gt;</a>&nbsp;&nbsp;&nbsp;GPIO_ResetBits
<LI><a href="#[64]">&gt;&gt;</a>&nbsp;&nbsp;&nbsp;GPIO_SetBits
</UL>
<BR>[Called By]<UL><LI><a href="#[6b]">&gt;&gt;</a>&nbsp;&nbsp;&nbsp;PWFusion_MAX31865_RTD
<LI><a href="#[6a]">&gt;&gt;</a>&nbsp;&nbsp;&nbsp;MAX31865_full_read
<LI><a href="#[65]">&gt;&gt;</a>&nbsp;&nbsp;&nbsp;MAX31865_config
</UL>

<P><STRONG><a name="[92]"></a>eMBEnable</STRONG> (Thumb, 28 bytes, Stack size 16 bytes, mb.o(i.eMBEnable))
<BR><BR>[Stack]<UL><LI>Max Depth = 16<LI>Call Chain = eMBEnable
</UL>
<BR>[Called By]<UL><LI><a href="#[42]">&gt;&gt;</a>&nbsp;&nbsp;&nbsp;main
</UL>

<P><STRONG><a name="[32]"></a>eMBFuncReadCoils</STRONG> (Thumb, 112 bytes, Stack size 16 bytes, mbfunccoils.o(i.eMBFuncReadCoils))
<BR><BR>[Stack]<UL><LI>Max Depth = 16<LI>Call Chain = eMBFuncReadCoils
</UL>
<BR>[Calls]<UL><LI><a href="#[79]">&gt;&gt;</a>&nbsp;&nbsp;&nbsp;prveMBError2Exception
<LI><a href="#[78]">&gt;&gt;</a>&nbsp;&nbsp;&nbsp;eMBRegCoilsCB
</UL>
<BR>[Address Reference Count : 1]<UL><LI> mb.o(.data)
</UL>
<P><STRONG><a name="[35]"></a>eMBFuncReadDiscreteInputs</STRONG> (Thumb, 110 bytes, Stack size 16 bytes, mbfuncdisc.o(i.eMBFuncReadDiscreteInputs))
<BR><BR>[Stack]<UL><LI>Max Depth = 16<LI>Call Chain = eMBFuncReadDiscreteInputs
</UL>
<BR>[Calls]<UL><LI><a href="#[79]">&gt;&gt;</a>&nbsp;&nbsp;&nbsp;prveMBError2Exception
<LI><a href="#[7a]">&gt;&gt;</a>&nbsp;&nbsp;&nbsp;eMBRegDiscreteCB
</UL>
<BR>[Address Reference Count : 1]<UL><LI> mb.o(.data)
</UL>
<P><STRONG><a name="[2e]"></a>eMBFuncReadHoldingRegister</STRONG> (Thumb, 90 bytes, Stack size 16 bytes, mbfuncholding.o(i.eMBFuncReadHoldingRegister))
<BR><BR>[Stack]<UL><LI>Max Depth = 40<LI>Call Chain = eMBFuncReadHoldingRegister &rArr; eMBRegHoldingCB
</UL>
<BR>[Calls]<UL><LI><a href="#[79]">&gt;&gt;</a>&nbsp;&nbsp;&nbsp;prveMBError2Exception
<LI><a href="#[7b]">&gt;&gt;</a>&nbsp;&nbsp;&nbsp;eMBRegHoldingCB
</UL>
<BR>[Address Reference Count : 1]<UL><LI> mb.o(.data)
</UL>
<P><STRONG><a name="[2d]"></a>eMBFuncReadInputRegister</STRONG> (Thumb, 94 bytes, Stack size 16 bytes, mbfuncinput.o(i.eMBFuncReadInputRegister))
<BR><BR>[Stack]<UL><LI>Max Depth = 72<LI>Call Chain = eMBFuncReadInputRegister &rArr; eMBRegInputCB &rArr; MAX31865_full_read &rArr; digitalWrite
</UL>
<BR>[Calls]<UL><LI><a href="#[79]">&gt;&gt;</a>&nbsp;&nbsp;&nbsp;prveMBError2Exception
<LI><a href="#[7c]">&gt;&gt;</a>&nbsp;&nbsp;&nbsp;eMBRegInputCB
</UL>
<BR>[Address Reference Count : 1]<UL><LI> mb.o(.data)
</UL>
<P><STRONG><a name="[31]"></a>eMBFuncReadWriteMultipleHoldingRegister</STRONG> (Thumb, 156 bytes, Stack size 24 bytes, mbfuncholding.o(i.eMBFuncReadWriteMultipleHoldingRegister))
<BR><BR>[Stack]<UL><LI>Max Depth = 48<LI>Call Chain = eMBFuncReadWriteMultipleHoldingRegister &rArr; eMBRegHoldingCB
</UL>
<BR>[Calls]<UL><LI><a href="#[79]">&gt;&gt;</a>&nbsp;&nbsp;&nbsp;prveMBError2Exception
<LI><a href="#[7b]">&gt;&gt;</a>&nbsp;&nbsp;&nbsp;eMBRegHoldingCB
</UL>
<BR>[Address Reference Count : 1]<UL><LI> mb.o(.data)
</UL>
<P><STRONG><a name="[2c]"></a>eMBFuncReportSlaveID</STRONG> (Thumb, 26 bytes, Stack size 16 bytes, mbfuncother.o(i.eMBFuncReportSlaveID))
<BR><BR>[Stack]<UL><LI>Max Depth = 40<LI>Call Chain = eMBFuncReportSlaveID &rArr; __aeabi_memcpy
</UL>
<BR>[Calls]<UL><LI><a href="#[4a]">&gt;&gt;</a>&nbsp;&nbsp;&nbsp;__aeabi_memcpy
</UL>
<BR>[Address Reference Count : 1]<UL><LI> mb.o(.data)
</UL>
<P><STRONG><a name="[33]"></a>eMBFuncWriteCoil</STRONG> (Thumb, 86 bytes, Stack size 16 bytes, mbfunccoils.o(i.eMBFuncWriteCoil))
<BR><BR>[Stack]<UL><LI>Max Depth = 16<LI>Call Chain = eMBFuncWriteCoil
</UL>
<BR>[Calls]<UL><LI><a href="#[79]">&gt;&gt;</a>&nbsp;&nbsp;&nbsp;prveMBError2Exception
<LI><a href="#[78]">&gt;&gt;</a>&nbsp;&nbsp;&nbsp;eMBRegCoilsCB
</UL>
<BR>[Address Reference Count : 1]<UL><LI> mb.o(.data)
</UL>
<P><STRONG><a name="[30]"></a>eMBFuncWriteHoldingRegister</STRONG> (Thumb, 50 bytes, Stack size 8 bytes, mbfuncholding.o(i.eMBFuncWriteHoldingRegister))
<BR><BR>[Stack]<UL><LI>Max Depth = 32<LI>Call Chain = eMBFuncWriteHoldingRegister &rArr; eMBRegHoldingCB
</UL>
<BR>[Calls]<UL><LI><a href="#[79]">&gt;&gt;</a>&nbsp;&nbsp;&nbsp;prveMBError2Exception
<LI><a href="#[7b]">&gt;&gt;</a>&nbsp;&nbsp;&nbsp;eMBRegHoldingCB
</UL>
<BR>[Address Reference Count : 1]<UL><LI> mb.o(.data)
</UL>
<P><STRONG><a name="[34]"></a>eMBFuncWriteMultipleCoils</STRONG> (Thumb, 96 bytes, Stack size 24 bytes, mbfunccoils.o(i.eMBFuncWriteMultipleCoils))
<BR><BR>[Stack]<UL><LI>Max Depth = 24<LI>Call Chain = eMBFuncWriteMultipleCoils
</UL>
<BR>[Calls]<UL><LI><a href="#[79]">&gt;&gt;</a>&nbsp;&nbsp;&nbsp;prveMBError2Exception
<LI><a href="#[78]">&gt;&gt;</a>&nbsp;&nbsp;&nbsp;eMBRegCoilsCB
</UL>
<BR>[Address Reference Count : 1]<UL><LI> mb.o(.data)
</UL>
<P><STRONG><a name="[2f]"></a>eMBFuncWriteMultipleHoldingRegister</STRONG> (Thumb, 80 bytes, Stack size 16 bytes, mbfuncholding.o(i.eMBFuncWriteMultipleHoldingRegister))
<BR><BR>[Stack]<UL><LI>Max Depth = 40<LI>Call Chain = eMBFuncWriteMultipleHoldingRegister &rArr; eMBRegHoldingCB
</UL>
<BR>[Calls]<UL><LI><a href="#[79]">&gt;&gt;</a>&nbsp;&nbsp;&nbsp;prveMBError2Exception
<LI><a href="#[7b]">&gt;&gt;</a>&nbsp;&nbsp;&nbsp;eMBRegHoldingCB
</UL>
<BR>[Address Reference Count : 1]<UL><LI> mb.o(.data)
</UL>
<P><STRONG><a name="[7d]"></a>eMBInit</STRONG> (Thumb, 98 bytes, Stack size 24 bytes, mb.o(i.eMBInit))
<BR><BR>[Stack]<UL><LI>Max Depth = 200<LI>Call Chain = eMBInit &rArr; eMBRTUInit &rArr; xMBPortSerialInit &rArr; USART_Init &rArr; RCC_GetClocksFreq
</UL>
<BR>[Calls]<UL><LI><a href="#[7f]">&gt;&gt;</a>&nbsp;&nbsp;&nbsp;xMBPortEventInit
<LI><a href="#[7e]">&gt;&gt;</a>&nbsp;&nbsp;&nbsp;eMBRTUInit
</UL>
<BR>[Called By]<UL><LI><a href="#[42]">&gt;&gt;</a>&nbsp;&nbsp;&nbsp;main
</UL>

<P><STRONG><a name="[80]"></a>eMBPoll</STRONG> (Thumb, 178 bytes, Stack size 16 bytes, mb.o(i.eMBPoll))
<BR><BR>[Stack]<UL><LI>Max Depth = 16<LI>Call Chain = eMBPoll
</UL>
<BR>[Calls]<UL><LI><a href="#[82]">&gt;&gt;</a>&nbsp;&nbsp;&nbsp;xMBPortEventPost
<LI><a href="#[81]">&gt;&gt;</a>&nbsp;&nbsp;&nbsp;xMBPortEventGet
</UL>
<BR>[Called By]<UL><LI><a href="#[42]">&gt;&gt;</a>&nbsp;&nbsp;&nbsp;main
</UL>

<P><STRONG><a name="[7e]"></a>eMBRTUInit</STRONG> (Thumb, 60 bytes, Stack size 16 bytes, mbrtu.o(i.eMBRTUInit))
<BR><BR>[Stack]<UL><LI>Max Depth = 176<LI>Call Chain = eMBRTUInit &rArr; xMBPortSerialInit &rArr; USART_Init &rArr; RCC_GetClocksFreq
</UL>
<BR>[Calls]<UL><LI><a href="#[84]">&gt;&gt;</a>&nbsp;&nbsp;&nbsp;xMBPortTimersInit
<LI><a href="#[83]">&gt;&gt;</a>&nbsp;&nbsp;&nbsp;xMBPortSerialInit
<LI><a href="#[6d]">&gt;&gt;</a>&nbsp;&nbsp;&nbsp;__aeabi_uidivmod
</UL>
<BR>[Called By]<UL><LI><a href="#[7d]">&gt;&gt;</a>&nbsp;&nbsp;&nbsp;eMBInit
</UL>

<P><STRONG><a name="[28]"></a>eMBRTUReceive</STRONG> (Thumb, 70 bytes, Stack size 32 bytes, mbrtu.o(i.eMBRTUReceive))
<BR><BR>[Stack]<UL><LI>Max Depth = 72 + Unknown Stack Size
<LI>Call Chain = eMBRTUReceive &rArr; abort &rArr; __rt_SIGABRT &rArr; __rt_SIGABRT_inner &rArr; __default_signal_display &rArr; _ttywrch
</UL>
<BR>[Calls]<UL><LI><a href="#[85]">&gt;&gt;</a>&nbsp;&nbsp;&nbsp;usMBCRC16
<LI><a href="#[48]">&gt;&gt;</a>&nbsp;&nbsp;&nbsp;abort
</UL>
<BR>[Address Reference Count : 1]<UL><LI> mb.o(i.eMBInit)
</UL>
<P><STRONG><a name="[27]"></a>eMBRTUSend</STRONG> (Thumb, 82 bytes, Stack size 16 bytes, mbrtu.o(i.eMBRTUSend))
<BR><BR>[Stack]<UL><LI>Max Depth = 44<LI>Call Chain = eMBRTUSend &rArr; vMBPortSerialEnable &rArr; USART_ITConfig
</UL>
<BR>[Calls]<UL><LI><a href="#[86]">&gt;&gt;</a>&nbsp;&nbsp;&nbsp;vMBPortSerialEnable
<LI><a href="#[85]">&gt;&gt;</a>&nbsp;&nbsp;&nbsp;usMBCRC16
</UL>
<BR>[Address Reference Count : 1]<UL><LI> mb.o(i.eMBInit)
</UL>
<P><STRONG><a name="[25]"></a>eMBRTUStart</STRONG> (Thumb, 26 bytes, Stack size 8 bytes, mbrtu.o(i.eMBRTUStart))
<BR><BR>[Stack]<UL><LI>Max Depth = 36<LI>Call Chain = eMBRTUStart &rArr; vMBPortSerialEnable &rArr; USART_ITConfig
</UL>
<BR>[Calls]<UL><LI><a href="#[87]">&gt;&gt;</a>&nbsp;&nbsp;&nbsp;vMBPortTimersEnable
<LI><a href="#[86]">&gt;&gt;</a>&nbsp;&nbsp;&nbsp;vMBPortSerialEnable
</UL>
<BR>[Address Reference Count : 1]<UL><LI> mb.o(i.eMBInit)
</UL>
<P><STRONG><a name="[26]"></a>eMBRTUStop</STRONG> (Thumb, 20 bytes, Stack size 8 bytes, mbrtu.o(i.eMBRTUStop))
<BR><BR>[Stack]<UL><LI>Max Depth = 36<LI>Call Chain = eMBRTUStop &rArr; vMBPortSerialEnable &rArr; USART_ITConfig
</UL>
<BR>[Calls]<UL><LI><a href="#[88]">&gt;&gt;</a>&nbsp;&nbsp;&nbsp;vMBPortTimersDisable
<LI><a href="#[86]">&gt;&gt;</a>&nbsp;&nbsp;&nbsp;vMBPortSerialEnable
</UL>
<BR>[Address Reference Count : 1]<UL><LI> mb.o(i.eMBInit)
</UL>
<P><STRONG><a name="[78]"></a>eMBRegCoilsCB</STRONG> (Thumb, 4 bytes, Stack size 0 bytes, main.o(i.eMBRegCoilsCB))
<BR><BR>[Called By]<UL><LI><a href="#[34]">&gt;&gt;</a>&nbsp;&nbsp;&nbsp;eMBFuncWriteMultipleCoils
<LI><a href="#[33]">&gt;&gt;</a>&nbsp;&nbsp;&nbsp;eMBFuncWriteCoil
<LI><a href="#[32]">&gt;&gt;</a>&nbsp;&nbsp;&nbsp;eMBFuncReadCoils
</UL>

<P><STRONG><a name="[7a]"></a>eMBRegDiscreteCB</STRONG> (Thumb, 4 bytes, Stack size 0 bytes, main.o(i.eMBRegDiscreteCB))
<BR><BR>[Called By]<UL><LI><a href="#[35]">&gt;&gt;</a>&nbsp;&nbsp;&nbsp;eMBFuncReadDiscreteInputs
</UL>

<P><STRONG><a name="[7b]"></a>eMBRegHoldingCB</STRONG> (Thumb, 198 bytes, Stack size 24 bytes, main.o(i.eMBRegHoldingCB))
<BR><BR>[Stack]<UL><LI>Max Depth = 24<LI>Call Chain = eMBRegHoldingCB
</UL>
<BR>[Calls]<UL><LI><a href="#[75]">&gt;&gt;</a>&nbsp;&nbsp;&nbsp;GPIO_ResetBits
<LI><a href="#[64]">&gt;&gt;</a>&nbsp;&nbsp;&nbsp;GPIO_SetBits
</UL>
<BR>[Called By]<UL><LI><a href="#[2f]">&gt;&gt;</a>&nbsp;&nbsp;&nbsp;eMBFuncWriteMultipleHoldingRegister
<LI><a href="#[30]">&gt;&gt;</a>&nbsp;&nbsp;&nbsp;eMBFuncWriteHoldingRegister
<LI><a href="#[31]">&gt;&gt;</a>&nbsp;&nbsp;&nbsp;eMBFuncReadWriteMultipleHoldingRegister
<LI><a href="#[2e]">&gt;&gt;</a>&nbsp;&nbsp;&nbsp;eMBFuncReadHoldingRegister
</UL>

<P><STRONG><a name="[7c]"></a>eMBRegInputCB</STRONG> (Thumb, 246 bytes, Stack size 24 bytes, main.o(i.eMBRegInputCB))
<BR><BR>[Stack]<UL><LI>Max Depth = 56<LI>Call Chain = eMBRegInputCB &rArr; MAX31865_full_read &rArr; digitalWrite
</UL>
<BR>[Calls]<UL><LI><a href="#[6b]">&gt;&gt;</a>&nbsp;&nbsp;&nbsp;PWFusion_MAX31865_RTD
<LI><a href="#[6a]">&gt;&gt;</a>&nbsp;&nbsp;&nbsp;MAX31865_full_read
<LI><a href="#[8a]">&gt;&gt;</a>&nbsp;&nbsp;&nbsp;ADC_StartOfConversion
<LI><a href="#[8b]">&gt;&gt;</a>&nbsp;&nbsp;&nbsp;ADC_GetFlagStatus
<LI><a href="#[8c]">&gt;&gt;</a>&nbsp;&nbsp;&nbsp;ADC_GetConversionValue
<LI><a href="#[89]">&gt;&gt;</a>&nbsp;&nbsp;&nbsp;ADC_ChannelConfig
<LI><a href="#[8d]">&gt;&gt;</a>&nbsp;&nbsp;&nbsp;__ARM_scalbn
<LI><a href="#[53]">&gt;&gt;</a>&nbsp;&nbsp;&nbsp;__aeabi_ui2d
<LI><a href="#[8f]">&gt;&gt;</a>&nbsp;&nbsp;&nbsp;__aeabi_d2iz
<LI><a href="#[8e]">&gt;&gt;</a>&nbsp;&nbsp;&nbsp;__aeabi_dsub
</UL>
<BR>[Called By]<UL><LI><a href="#[2d]">&gt;&gt;</a>&nbsp;&nbsp;&nbsp;eMBFuncReadInputRegister
</UL>

<P><STRONG><a name="[90]"></a>eMBSetSlaveID</STRONG> (Thumb, 66 bytes, Stack size 16 bytes, mbfuncother.o(i.eMBSetSlaveID))
<BR><BR>[Stack]<UL><LI>Max Depth = 40<LI>Call Chain = eMBSetSlaveID &rArr; __aeabi_memcpy
</UL>
<BR>[Calls]<UL><LI><a href="#[4a]">&gt;&gt;</a>&nbsp;&nbsp;&nbsp;__aeabi_memcpy
</UL>
<BR>[Called By]<UL><LI><a href="#[42]">&gt;&gt;</a>&nbsp;&nbsp;&nbsp;main
</UL>

<P><STRONG><a name="[42]"></a>main</STRONG> (Thumb, 196 bytes, Stack size 24 bytes, main.o(i.main))
<BR><BR>[Stack]<UL><LI>Max Depth = 224<LI>Call Chain = main &rArr; eMBInit &rArr; eMBRTUInit &rArr; xMBPortSerialInit &rArr; USART_Init &rArr; RCC_GetClocksFreq
</UL>
<BR>[Calls]<UL><LI><a href="#[90]">&gt;&gt;</a>&nbsp;&nbsp;&nbsp;eMBSetSlaveID
<LI><a href="#[80]">&gt;&gt;</a>&nbsp;&nbsp;&nbsp;eMBPoll
<LI><a href="#[7d]">&gt;&gt;</a>&nbsp;&nbsp;&nbsp;eMBInit
<LI><a href="#[92]">&gt;&gt;</a>&nbsp;&nbsp;&nbsp;eMBEnable
<LI><a href="#[93]">&gt;&gt;</a>&nbsp;&nbsp;&nbsp;USART_GetFlagStatus
<LI><a href="#[6b]">&gt;&gt;</a>&nbsp;&nbsp;&nbsp;PWFusion_MAX31865_RTD
<LI><a href="#[65]">&gt;&gt;</a>&nbsp;&nbsp;&nbsp;MAX31865_config
<LI><a href="#[75]">&gt;&gt;</a>&nbsp;&nbsp;&nbsp;GPIO_ResetBits
<LI><a href="#[91]">&gt;&gt;</a>&nbsp;&nbsp;&nbsp;GPIO_ReadInputDataBit
<LI><a href="#[64]">&gt;&gt;</a>&nbsp;&nbsp;&nbsp;GPIO_SetBits
<LI><a href="#[6e]">&gt;&gt;</a>&nbsp;&nbsp;&nbsp;SPI_init
<LI><a href="#[63]">&gt;&gt;</a>&nbsp;&nbsp;&nbsp;GPIO_init
<LI><a href="#[5b]">&gt;&gt;</a>&nbsp;&nbsp;&nbsp;ADC_init
</UL>
<BR>[Called By]<UL><LI><a href="#[41]">&gt;&gt;</a>&nbsp;&nbsp;&nbsp;__rt_entry_main
</UL>

<P><STRONG><a name="[79]"></a>prveMBError2Exception</STRONG> (Thumb, 24 bytes, Stack size 0 bytes, mbutils.o(i.prveMBError2Exception))
<BR><BR>[Called By]<UL><LI><a href="#[2f]">&gt;&gt;</a>&nbsp;&nbsp;&nbsp;eMBFuncWriteMultipleHoldingRegister
<LI><a href="#[34]">&gt;&gt;</a>&nbsp;&nbsp;&nbsp;eMBFuncWriteMultipleCoils
<LI><a href="#[30]">&gt;&gt;</a>&nbsp;&nbsp;&nbsp;eMBFuncWriteHoldingRegister
<LI><a href="#[33]">&gt;&gt;</a>&nbsp;&nbsp;&nbsp;eMBFuncWriteCoil
<LI><a href="#[31]">&gt;&gt;</a>&nbsp;&nbsp;&nbsp;eMBFuncReadWriteMultipleHoldingRegister
<LI><a href="#[2d]">&gt;&gt;</a>&nbsp;&nbsp;&nbsp;eMBFuncReadInputRegister
<LI><a href="#[2e]">&gt;&gt;</a>&nbsp;&nbsp;&nbsp;eMBFuncReadHoldingRegister
<LI><a href="#[35]">&gt;&gt;</a>&nbsp;&nbsp;&nbsp;eMBFuncReadDiscreteInputs
<LI><a href="#[32]">&gt;&gt;</a>&nbsp;&nbsp;&nbsp;eMBFuncReadCoils
</UL>

<P><STRONG><a name="[85]"></a>usMBCRC16</STRONG> (Thumb, 38 bytes, Stack size 12 bytes, mbcrc.o(i.usMBCRC16))
<BR><BR>[Stack]<UL><LI>Max Depth = 12<LI>Call Chain = usMBCRC16
</UL>
<BR>[Called By]<UL><LI><a href="#[27]">&gt;&gt;</a>&nbsp;&nbsp;&nbsp;eMBRTUSend
<LI><a href="#[28]">&gt;&gt;</a>&nbsp;&nbsp;&nbsp;eMBRTUReceive
</UL>

<P><STRONG><a name="[86]"></a>vMBPortSerialEnable</STRONG> (Thumb, 92 bytes, Stack size 24 bytes, portserial.o(i.vMBPortSerialEnable))
<BR><BR>[Stack]<UL><LI>Max Depth = 28<LI>Call Chain = vMBPortSerialEnable &rArr; USART_ITConfig
</UL>
<BR>[Calls]<UL><LI><a href="#[93]">&gt;&gt;</a>&nbsp;&nbsp;&nbsp;USART_GetFlagStatus
<LI><a href="#[75]">&gt;&gt;</a>&nbsp;&nbsp;&nbsp;GPIO_ResetBits
<LI><a href="#[64]">&gt;&gt;</a>&nbsp;&nbsp;&nbsp;GPIO_SetBits
<LI><a href="#[94]">&gt;&gt;</a>&nbsp;&nbsp;&nbsp;USART_ITConfig
</UL>
<BR>[Called By]<UL><LI><a href="#[2a]">&gt;&gt;</a>&nbsp;&nbsp;&nbsp;xMBRTUTransmitFSM
<LI><a href="#[26]">&gt;&gt;</a>&nbsp;&nbsp;&nbsp;eMBRTUStop
<LI><a href="#[25]">&gt;&gt;</a>&nbsp;&nbsp;&nbsp;eMBRTUStart
<LI><a href="#[27]">&gt;&gt;</a>&nbsp;&nbsp;&nbsp;eMBRTUSend
</UL>

<P><STRONG><a name="[88]"></a>vMBPortTimersDisable</STRONG> (Thumb, 40 bytes, Stack size 8 bytes, porttimer.o(i.vMBPortTimersDisable))
<BR><BR>[Stack]<UL><LI>Max Depth = 8<LI>Call Chain = vMBPortTimersDisable
</UL>
<BR>[Calls]<UL><LI><a href="#[96]">&gt;&gt;</a>&nbsp;&nbsp;&nbsp;TIM_SetCounter
<LI><a href="#[97]">&gt;&gt;</a>&nbsp;&nbsp;&nbsp;TIM_ITConfig
<LI><a href="#[95]">&gt;&gt;</a>&nbsp;&nbsp;&nbsp;TIM_Cmd
<LI><a href="#[73]">&gt;&gt;</a>&nbsp;&nbsp;&nbsp;TIM_ClearITPendingBit
</UL>
<BR>[Called By]<UL><LI><a href="#[2b]">&gt;&gt;</a>&nbsp;&nbsp;&nbsp;xMBRTUTimerT35Expired
<LI><a href="#[26]">&gt;&gt;</a>&nbsp;&nbsp;&nbsp;eMBRTUStop
</UL>

<P><STRONG><a name="[87]"></a>vMBPortTimersEnable</STRONG> (Thumb, 40 bytes, Stack size 8 bytes, porttimer.o(i.vMBPortTimersEnable))
<BR><BR>[Stack]<UL><LI>Max Depth = 8<LI>Call Chain = vMBPortTimersEnable
</UL>
<BR>[Calls]<UL><LI><a href="#[96]">&gt;&gt;</a>&nbsp;&nbsp;&nbsp;TIM_SetCounter
<LI><a href="#[97]">&gt;&gt;</a>&nbsp;&nbsp;&nbsp;TIM_ITConfig
<LI><a href="#[95]">&gt;&gt;</a>&nbsp;&nbsp;&nbsp;TIM_Cmd
<LI><a href="#[73]">&gt;&gt;</a>&nbsp;&nbsp;&nbsp;TIM_ClearITPendingBit
</UL>
<BR>[Called By]<UL><LI><a href="#[29]">&gt;&gt;</a>&nbsp;&nbsp;&nbsp;xMBRTUReceiveFSM
<LI><a href="#[25]">&gt;&gt;</a>&nbsp;&nbsp;&nbsp;eMBRTUStart
</UL>

<P><STRONG><a name="[81]"></a>xMBPortEventGet</STRONG> (Thumb, 24 bytes, Stack size 0 bytes, portevent.o(i.xMBPortEventGet))
<BR><BR>[Called By]<UL><LI><a href="#[80]">&gt;&gt;</a>&nbsp;&nbsp;&nbsp;eMBPoll
</UL>

<P><STRONG><a name="[7f]"></a>xMBPortEventInit</STRONG> (Thumb, 10 bytes, Stack size 0 bytes, portevent.o(i.xMBPortEventInit))
<BR><BR>[Called By]<UL><LI><a href="#[7d]">&gt;&gt;</a>&nbsp;&nbsp;&nbsp;eMBInit
</UL>

<P><STRONG><a name="[82]"></a>xMBPortEventPost</STRONG> (Thumb, 12 bytes, Stack size 0 bytes, portevent.o(i.xMBPortEventPost))
<BR><BR>[Called By]<UL><LI><a href="#[2a]">&gt;&gt;</a>&nbsp;&nbsp;&nbsp;xMBRTUTransmitFSM
<LI><a href="#[2b]">&gt;&gt;</a>&nbsp;&nbsp;&nbsp;xMBRTUTimerT35Expired
<LI><a href="#[80]">&gt;&gt;</a>&nbsp;&nbsp;&nbsp;eMBPoll
</UL>

<P><STRONG><a name="[98]"></a>xMBPortSerialGetByte</STRONG> (Thumb, 26 bytes, Stack size 16 bytes, portserial.o(i.xMBPortSerialGetByte))
<BR><BR>[Stack]<UL><LI>Max Depth = 16<LI>Call Chain = xMBPortSerialGetByte
</UL>
<BR>[Calls]<UL><LI><a href="#[99]">&gt;&gt;</a>&nbsp;&nbsp;&nbsp;USART_ReceiveData
<LI><a href="#[76]">&gt;&gt;</a>&nbsp;&nbsp;&nbsp;USART_ClearITPendingBit
</UL>
<BR>[Called By]<UL><LI><a href="#[29]">&gt;&gt;</a>&nbsp;&nbsp;&nbsp;xMBRTUReceiveFSM
</UL>

<P><STRONG><a name="[83]"></a>xMBPortSerialInit</STRONG> (Thumb, 218 bytes, Stack size 80 bytes, portserial.o(i.xMBPortSerialInit))
<BR><BR>[Stack]<UL><LI>Max Depth = 160<LI>Call Chain = xMBPortSerialInit &rArr; USART_Init &rArr; RCC_GetClocksFreq
</UL>
<BR>[Calls]<UL><LI><a href="#[5e]">&gt;&gt;</a>&nbsp;&nbsp;&nbsp;RCC_APB2PeriphClockCmd
<LI><a href="#[5c]">&gt;&gt;</a>&nbsp;&nbsp;&nbsp;RCC_AHBPeriphClockCmd
<LI><a href="#[64]">&gt;&gt;</a>&nbsp;&nbsp;&nbsp;GPIO_SetBits
<LI><a href="#[6f]">&gt;&gt;</a>&nbsp;&nbsp;&nbsp;GPIO_PinAFConfig
<LI><a href="#[5d]">&gt;&gt;</a>&nbsp;&nbsp;&nbsp;GPIO_Init
<LI><a href="#[77]">&gt;&gt;</a>&nbsp;&nbsp;&nbsp;USART_Init
<LI><a href="#[9a]">&gt;&gt;</a>&nbsp;&nbsp;&nbsp;USART_Cmd
</UL>
<BR>[Called By]<UL><LI><a href="#[7e]">&gt;&gt;</a>&nbsp;&nbsp;&nbsp;eMBRTUInit
</UL>

<P><STRONG><a name="[9b]"></a>xMBPortSerialPutByte</STRONG> (Thumb, 14 bytes, Stack size 8 bytes, portserial.o(i.xMBPortSerialPutByte))
<BR><BR>[Stack]<UL><LI>Max Depth = 8<LI>Call Chain = xMBPortSerialPutByte
</UL>
<BR>[Calls]<UL><LI><a href="#[9c]">&gt;&gt;</a>&nbsp;&nbsp;&nbsp;USART_SendData
</UL>
<BR>[Called By]<UL><LI><a href="#[2a]">&gt;&gt;</a>&nbsp;&nbsp;&nbsp;xMBRTUTransmitFSM
</UL>

<P><STRONG><a name="[84]"></a>xMBPortTimersInit</STRONG> (Thumb, 76 bytes, Stack size 24 bytes, porttimer.o(i.xMBPortTimersInit))
<BR><BR>[Stack]<UL><LI>Max Depth = 28<LI>Call Chain = xMBPortTimersInit &rArr; TIM_TimeBaseInit
</UL>
<BR>[Calls]<UL><LI><a href="#[9d]">&gt;&gt;</a>&nbsp;&nbsp;&nbsp;RCC_APB1PeriphClockCmd
<LI><a href="#[9e]">&gt;&gt;</a>&nbsp;&nbsp;&nbsp;TIM_TimeBaseInit
<LI><a href="#[97]">&gt;&gt;</a>&nbsp;&nbsp;&nbsp;TIM_ITConfig
<LI><a href="#[95]">&gt;&gt;</a>&nbsp;&nbsp;&nbsp;TIM_Cmd
<LI><a href="#[6d]">&gt;&gt;</a>&nbsp;&nbsp;&nbsp;__aeabi_uidivmod
</UL>
<BR>[Called By]<UL><LI><a href="#[7e]">&gt;&gt;</a>&nbsp;&nbsp;&nbsp;eMBRTUInit
</UL>

<P><STRONG><a name="[29]"></a>xMBRTUReceiveFSM</STRONG> (Thumb, 106 bytes, Stack size 16 bytes, mbrtu.o(i.xMBRTUReceiveFSM))
<BR><BR>[Stack]<UL><LI>Max Depth = 56 + Unknown Stack Size
<LI>Call Chain = xMBRTUReceiveFSM &rArr; abort &rArr; __rt_SIGABRT &rArr; __rt_SIGABRT_inner &rArr; __default_signal_display &rArr; _ttywrch
</UL>
<BR>[Calls]<UL><LI><a href="#[98]">&gt;&gt;</a>&nbsp;&nbsp;&nbsp;xMBPortSerialGetByte
<LI><a href="#[87]">&gt;&gt;</a>&nbsp;&nbsp;&nbsp;vMBPortTimersEnable
<LI><a href="#[48]">&gt;&gt;</a>&nbsp;&nbsp;&nbsp;abort
</UL>
<BR>[Address Reference Count : 1]<UL><LI> mb.o(i.eMBInit)
</UL>
<P><STRONG><a name="[2b]"></a>xMBRTUTimerT35Expired</STRONG> (Thumb, 72 bytes, Stack size 16 bytes, mbrtu.o(i.xMBRTUTimerT35Expired))
<BR><BR>[Stack]<UL><LI>Max Depth = 56 + Unknown Stack Size
<LI>Call Chain = xMBRTUTimerT35Expired &rArr; abort &rArr; __rt_SIGABRT &rArr; __rt_SIGABRT_inner &rArr; __default_signal_display &rArr; _ttywrch
</UL>
<BR>[Calls]<UL><LI><a href="#[88]">&gt;&gt;</a>&nbsp;&nbsp;&nbsp;vMBPortTimersDisable
<LI><a href="#[82]">&gt;&gt;</a>&nbsp;&nbsp;&nbsp;xMBPortEventPost
<LI><a href="#[48]">&gt;&gt;</a>&nbsp;&nbsp;&nbsp;abort
</UL>
<BR>[Address Reference Count : 1]<UL><LI> mb.o(i.eMBInit)
</UL>
<P><STRONG><a name="[2a]"></a>xMBRTUTransmitFSM</STRONG> (Thumb, 90 bytes, Stack size 16 bytes, mbrtu.o(i.xMBRTUTransmitFSM))
<BR><BR>[Stack]<UL><LI>Max Depth = 56 + Unknown Stack Size
<LI>Call Chain = xMBRTUTransmitFSM &rArr; abort &rArr; __rt_SIGABRT &rArr; __rt_SIGABRT_inner &rArr; __default_signal_display &rArr; _ttywrch
</UL>
<BR>[Calls]<UL><LI><a href="#[9b]">&gt;&gt;</a>&nbsp;&nbsp;&nbsp;xMBPortSerialPutByte
<LI><a href="#[86]">&gt;&gt;</a>&nbsp;&nbsp;&nbsp;vMBPortSerialEnable
<LI><a href="#[82]">&gt;&gt;</a>&nbsp;&nbsp;&nbsp;xMBPortEventPost
<LI><a href="#[48]">&gt;&gt;</a>&nbsp;&nbsp;&nbsp;abort
</UL>
<BR>[Address Reference Count : 1]<UL><LI> mb.o(i.eMBInit)
</UL><P>
<H3>
Local Symbols
</H3>
<P><STRONG><a name="[4e]"></a>_dadd1</STRONG> (Thumb, 290 bytes, Stack size 20 bytes, daddsub.o(.text), UNUSED)
<BR><BR>[Called By]<UL><LI><a href="#[50]">&gt;&gt;</a>&nbsp;&nbsp;&nbsp;_drsb
<LI><a href="#[4f]">&gt;&gt;</a>&nbsp;&nbsp;&nbsp;_dsub
<LI><a href="#[4c]">&gt;&gt;</a>&nbsp;&nbsp;&nbsp;_dadd
</UL>

<P><STRONG><a name="[4d]"></a>_dsub1</STRONG> (Thumb, 470 bytes, Stack size 40 bytes, daddsub.o(.text), UNUSED)
<BR><BR>[Called By]<UL><LI><a href="#[50]">&gt;&gt;</a>&nbsp;&nbsp;&nbsp;_drsb
<LI><a href="#[4f]">&gt;&gt;</a>&nbsp;&nbsp;&nbsp;_dsub
<LI><a href="#[4c]">&gt;&gt;</a>&nbsp;&nbsp;&nbsp;_dadd
</UL>
<P>
<H3>
Undefined Global Symbols
</H3>
<P><STRONG><a name="[58]"></a>_call_atexit_fns</STRONG> (ARM, 0 bytes, Stack size 0 bytes, UNDEFINED)
<BR><BR>[Called By]<UL><LI><a href="#[43]">&gt;&gt;</a>&nbsp;&nbsp;&nbsp;exit
</UL>
<HR></body></html>
